Component: ARM Compiler 5.06 update 5 (build 528) Tool: armlink [4d35e2]

==============================================================================

Section Cross References

    startup_stm32f10x_md.o(RESET) refers to startup_stm32f10x_md.o(STACK) for __initial_sp
    startup_stm32f10x_md.o(RESET) refers to startup_stm32f10x_md.o(.text) for Reset_Handler
    startup_stm32f10x_md.o(RESET) refers to stm32f10x_it.o(i.NMI_Handler) for NMI_Handler
    startup_stm32f10x_md.o(RESET) refers to stm32f10x_it.o(i.HardFault_Handler) for HardFault_Handler
    startup_stm32f10x_md.o(RESET) refers to stm32f10x_it.o(i.MemManage_Handler) for MemManage_Handler
    startup_stm32f10x_md.o(RESET) refers to stm32f10x_it.o(i.BusFault_Handler) for BusFault_Handler
    startup_stm32f10x_md.o(RESET) refers to stm32f10x_it.o(i.UsageFault_Handler) for UsageFault_Handler
    startup_stm32f10x_md.o(RESET) refers to stm32f10x_it.o(i.SVC_Handler) for SVC_Handler
    startup_stm32f10x_md.o(RESET) refers to stm32f10x_it.o(i.DebugMon_Handler) for DebugMon_Handler
    startup_stm32f10x_md.o(RESET) refers to stm32f10x_it.o(i.PendSV_Handler) for PendSV_Handler
    startup_stm32f10x_md.o(RESET) refers to stm32f10x_it.o(i.SysTick_Handler) for SysTick_Handler
    startup_stm32f10x_md.o(RESET) refers to timer.o(i.TIM1_UP_IRQHandler) for TIM1_UP_IRQHandler
    startup_stm32f10x_md.o(RESET) refers to timer.o(i.TIM4_IRQHandler) for TIM4_IRQHandler
    startup_stm32f10x_md.o(RESET) refers to usart3.o(i.USART3_IRQHandler) for USART3_IRQHandler
    startup_stm32f10x_md.o(.text) refers to system_stm32f10x.o(i.SystemInit) for SystemInit
    startup_stm32f10x_md.o(.text) refers to entry.o(.ARM.Collect$$$$00000000) for __main
    system_stm32f10x.o(i.SetSysClock) refers to system_stm32f10x.o(i.SetSysClockTo72) for SetSysClockTo72
    system_stm32f10x.o(i.SystemCoreClockUpdate) refers to system_stm32f10x.o(.data) for SystemCoreClock
    system_stm32f10x.o(i.SystemInit) refers to system_stm32f10x.o(i.SetSysClock) for SetSysClock
    stm32f10x_adc.o(i.ADC_DeInit) refers to stm32f10x_rcc.o(i.RCC_APB2PeriphResetCmd) for RCC_APB2PeriphResetCmd
    stm32f10x_bkp.o(i.BKP_DeInit) refers to stm32f10x_rcc.o(i.RCC_BackupResetCmd) for RCC_BackupResetCmd
    stm32f10x_can.o(i.CAN_DeInit) refers to stm32f10x_rcc.o(i.RCC_APB1PeriphResetCmd) for RCC_APB1PeriphResetCmd
    stm32f10x_can.o(i.CAN_GetITStatus) refers to stm32f10x_can.o(i.CheckITStatus) for CheckITStatus
    stm32f10x_cec.o(i.CEC_DeInit) refers to stm32f10x_rcc.o(i.RCC_APB1PeriphResetCmd) for RCC_APB1PeriphResetCmd
    stm32f10x_dac.o(i.DAC_DeInit) refers to stm32f10x_rcc.o(i.RCC_APB1PeriphResetCmd) for RCC_APB1PeriphResetCmd
    stm32f10x_flash.o(i.FLASH_EnableWriteProtection) refers to stm32f10x_flash.o(i.FLASH_WaitForLastOperation) for FLASH_WaitForLastOperation
    stm32f10x_flash.o(i.FLASH_EraseAllBank1Pages) refers to stm32f10x_flash.o(i.FLASH_WaitForLastBank1Operation) for FLASH_WaitForLastBank1Operation
    stm32f10x_flash.o(i.FLASH_EraseAllPages) refers to stm32f10x_flash.o(i.FLASH_WaitForLastOperation) for FLASH_WaitForLastOperation
    stm32f10x_flash.o(i.FLASH_EraseOptionBytes) refers to stm32f10x_flash.o(i.FLASH_GetReadOutProtectionStatus) for FLASH_GetReadOutProtectionStatus
    stm32f10x_flash.o(i.FLASH_EraseOptionBytes) refers to stm32f10x_flash.o(i.FLASH_WaitForLastOperation) for FLASH_WaitForLastOperation
    stm32f10x_flash.o(i.FLASH_ErasePage) refers to stm32f10x_flash.o(i.FLASH_WaitForLastOperation) for FLASH_WaitForLastOperation
    stm32f10x_flash.o(i.FLASH_ProgramHalfWord) refers to stm32f10x_flash.o(i.FLASH_WaitForLastOperation) for FLASH_WaitForLastOperation
    stm32f10x_flash.o(i.FLASH_ProgramOptionByteData) refers to stm32f10x_flash.o(i.FLASH_WaitForLastOperation) for FLASH_WaitForLastOperation
    stm32f10x_flash.o(i.FLASH_ProgramWord) refers to stm32f10x_flash.o(i.FLASH_WaitForLastOperation) for FLASH_WaitForLastOperation
    stm32f10x_flash.o(i.FLASH_ReadOutProtection) refers to stm32f10x_flash.o(i.FLASH_WaitForLastOperation) for FLASH_WaitForLastOperation
    stm32f10x_flash.o(i.FLASH_UserOptionByteConfig) refers to stm32f10x_flash.o(i.FLASH_WaitForLastOperation) for FLASH_WaitForLastOperation
    stm32f10x_flash.o(i.FLASH_WaitForLastBank1Operation) refers to stm32f10x_flash.o(i.FLASH_GetBank1Status) for FLASH_GetBank1Status
    stm32f10x_flash.o(i.FLASH_WaitForLastOperation) refers to stm32f10x_flash.o(i.FLASH_GetBank1Status) for FLASH_GetBank1Status
    stm32f10x_gpio.o(i.GPIO_AFIODeInit) refers to stm32f10x_rcc.o(i.RCC_APB2PeriphResetCmd) for RCC_APB2PeriphResetCmd
    stm32f10x_gpio.o(i.GPIO_DeInit) refers to stm32f10x_rcc.o(i.RCC_APB2PeriphResetCmd) for RCC_APB2PeriphResetCmd
    stm32f10x_i2c.o(i.I2C_DeInit) refers to stm32f10x_rcc.o(i.RCC_APB1PeriphResetCmd) for RCC_APB1PeriphResetCmd
    stm32f10x_i2c.o(i.I2C_Init) refers to stm32f10x_rcc.o(i.RCC_GetClocksFreq) for RCC_GetClocksFreq
[...]
    Removing stm32f10x_spi.o(i.SPI_I2S_ClearFlag), (6 bytes).
    Removing stm32f10x_spi.o(i.SPI_I2S_ClearITPendingBit), (20 bytes).
    Removing stm32f10x_spi.o(i.SPI_I2S_DMACmd), (18 bytes).
    Removing stm32f10x_spi.o(i.SPI_I2S_DeInit), (88 bytes).
    Removing stm32f10x_spi.o(i.SPI_I2S_GetFlagStatus), (18 bytes).
    Removing stm32f10x_spi.o(i.SPI_I2S_GetITStatus), (52 bytes).
    Removing stm32f10x_spi.o(i.SPI_I2S_ITConfig), (32 bytes).
    Removing stm32f10x_spi.o(i.SPI_I2S_ReceiveData), (6 bytes).
    Removing stm32f10x_spi.o(i.SPI_I2S_SendData), (4 bytes).
    Removing stm32f10x_spi.o(i.SPI_Init), (60 bytes).
    Removing stm32f10x_spi.o(i.SPI_NSSInternalSoftwareConfig), (30 bytes).
    Removing stm32f10x_spi.o(i.SPI_SSOutputCmd), (24 bytes).
    Removing stm32f10x_spi.o(i.SPI_StructInit), (24 bytes).
    Removing stm32f10x_spi.o(i.SPI_TransmitCRC), (10 bytes).
    Removing stm32f10x_tim.o(i.TI1_Config), (128 bytes).
    Removing stm32f10x_tim.o(i.TI2_Config), (152 bytes).
    Removing stm32f10x_tim.o(i.TI3_Config), (144 bytes).
    Removing stm32f10x_tim.o(i.TI4_Config), (152 bytes).
    Removing stm32f10x_tim.o(i.TIM_ARRPreloadConfig), (24 bytes).
    Removing stm32f10x_tim.o(i.TIM_BDTRConfig), (32 bytes).
    Removing stm32f10x_tim.o(i.TIM_BDTRStructInit), (18 bytes).
    Removing stm32f10x_tim.o(i.TIM_CCPreloadControl), (24 bytes).
    Removing stm32f10x_tim.o(i.TIM_CCxCmd), (30 bytes).
    Removing stm32f10x_tim.o(i.TIM_CCxNCmd), (30 bytes).
    Removing stm32f10x_tim.o(i.TIM_ClearOC1Ref), (18 bytes).
    Removing stm32f10x_tim.o(i.TIM_ClearOC2Ref), (24 bytes).
    Removing stm32f10x_tim.o(i.TIM_ClearOC3Ref), (18 bytes).
    Removing stm32f10x_tim.o(i.TIM_ClearOC4Ref), (24 bytes).
    Removing stm32f10x_tim.o(i.TIM_CounterModeConfig), (18 bytes).
    Removing stm32f10x_tim.o(i.TIM_CtrlPWMOutputs), (30 bytes).
    Removing stm32f10x_tim.o(i.TIM_DMACmd), (18 bytes).
    Removing stm32f10x_tim.o(i.TIM_DMAConfig), (10 bytes).
    Removing stm32f10x_tim.o(i.TIM_DeInit), (488 bytes).
    Removing stm32f10x_tim.o(i.TIM_ETRClockMode1Config), (54 bytes).
    Removing stm32f10x_tim.o(i.TIM_ETRClockMode2Config), (32 bytes).
    Removing stm32f10x_tim.o(i.TIM_ETRConfig), (28 bytes).
    Removing stm32f10x_tim.o(i.TIM_EncoderInterfaceConfig), (66 bytes).
    Removing stm32f10x_tim.o(i.TIM_ForcedOC1Config), (18 bytes).
    Removing stm32f10x_tim.o(i.TIM_ForcedOC2Config), (26 bytes).
    Removing stm32f10x_tim.o(i.TIM_ForcedOC3Config), (18 bytes).
    Removing stm32f10x_tim.o(i.TIM_ForcedOC4Config), (26 bytes).
    Removing stm32f10x_tim.o(i.TIM_GenerateEvent), (4 bytes).
    Removing stm32f10x_tim.o(i.TIM_GetCapture1), (6 bytes).
    Removing stm32f10x_tim.o(i.TIM_GetCapture2), (6 bytes).
    Removing stm32f10x_tim.o(i.TIM_GetCapture3), (6 bytes).
    Removing stm32f10x_tim.o(i.TIM_GetCapture4), (8 bytes).
    Removing stm32f10x_tim.o(i.TIM_GetCounter), (6 bytes).
    Removing stm32f10x_tim.o(i.TIM_GetFlagStatus), (18 bytes).
    Removing stm32f10x_tim.o(i.TIM_GetPrescaler), (6 bytes).
    Removing stm32f10x_tim.o(i.TIM_ICInit), (172 bytes).
    Removing stm32f10x_tim.o(i.TIM_ICStructInit), (18 bytes).
    Removing stm32f10x_tim.o(i.TIM_ITRxExternalClockConfig), (24 bytes).
    Removing stm32f10x_tim.o(i.TIM_InternalClockConfig), (12 bytes).
    Removing stm32f10x_tim.o(i.TIM_OC1FastConfig), (18 bytes).
    Removing stm32f10x_tim.o(i.TIM_OC1Init), (152 bytes).
    Removing stm32f10x_tim.o(i.TIM_OC1NPolarityConfig), (18 bytes).
    Removing stm32f10x_tim.o(i.TIM_OC1PolarityConfig), (18 bytes).
    Removing stm32f10x_tim.o(i.TIM_OC1PreloadConfig), (18 bytes).
    Removing stm32f10x_tim.o(i.TIM_OC2FastConfig), (26 bytes).
    Removing stm32f10x_tim.o(i.TIM_OC2Init), (164 bytes).
    Removing stm32f10x_tim.o(i.TIM_OC2NPolarityConfig), (26 bytes).
    Removing stm32f10x_tim.o(i.TIM_OC2PolarityConfig), (26 bytes).
    Removing stm32f10x_tim.o(i.TIM_OC2PreloadConfig), (26 bytes).
    Removing stm32f10x_tim.o(i.TIM_OC3FastConfig), (18 bytes).
    Removing stm32f10x_tim.o(i.TIM_OC3Init), (160 bytes).
    Removing stm32f10x_tim.o(i.TIM_OC3NPolarityConfig), (26 bytes).
    Removing stm32f10x_tim.o(i.TIM_OC3PolarityConfig), (26 bytes).
    Removing stm32f10x_tim.o(i.TIM_OC3PreloadConfig), (18 bytes).
    Removing stm32f10x_tim.o(i.TIM_OC4FastConfig), (26 bytes).
    Removing stm32f10x_tim.o(i.TIM_OC4Init), (124 bytes).
    Removing stm32f10x_tim.o(i.TIM_OC4PolarityConfig), (26 bytes).
    Removing stm32f10x_tim.o(i.TIM_OC4PreloadConfig), (26 bytes).
    Removing stm32f10x_tim.o(i.TIM_OCStructInit), (20 bytes).
    Removing stm32f10x_tim.o(i.TIM_PWMIConfig), (124 bytes).
    Removing stm32f10x_tim.o(i.TIM_PrescalerConfig), (6 bytes).
    Removing stm32f10x_tim.o(i.TIM_SelectCCDMA), (24 bytes).
    Removing stm32f10x_tim.o(i.TIM_SelectCOM), (24 bytes).
    Removing stm32f10x_tim.o(i.TIM_SelectHallSensor), (24 bytes).
    Removing stm32f10x_tim.o(i.TIM_SelectInputTrigger), (18 bytes).
    Removing stm32f10x_tim.o(i.TIM_SelectMasterSlaveMode), (18 bytes).
    Removing stm32f10x_tim.o(i.TIM_SelectOCxM), (82 bytes).
    Removing stm32f10x_tim.o(i.TIM_SelectOnePulseMode), (18 bytes).
    Removing stm32f10x_tim.o(i.TIM_SelectOutputTrigger), (18 bytes).
    Removing stm32f10x_tim.o(i.TIM_SelectSlaveMode), (18 bytes).
    Removing stm32f10x_tim.o(i.TIM_SetAutoreload), (4 bytes).
    Removing stm32f10x_tim.o(i.TIM_SetClockDivision), (18 bytes).
    Removing stm32f10x_tim.o(i.TIM_SetCompare1), (4 bytes).
    Removing stm32f10x_tim.o(i.TIM_SetCompare2), (4 bytes).
    Removing stm32f10x_tim.o(i.TIM_SetCompare3), (4 bytes).
    Removing stm32f10x_tim.o(i.TIM_SetCompare4), (6 bytes).
    Removing stm32f10x_tim.o(i.TIM_SetCounter), (4 bytes).
    Removing stm32f10x_tim.o(i.TIM_SetIC1Prescaler), (18 bytes).
    Removing stm32f10x_tim.o(i.TIM_SetIC2Prescaler), (26 bytes).
    Removing stm32f10x_tim.o(i.TIM_SetIC3Prescaler), (18 bytes).
    Removing stm32f10x_tim.o(i.TIM_SetIC4Prescaler), (26 bytes).
    Removing stm32f10x_tim.o(i.TIM_TIxExternalClockConfig), (62 bytes).
    Removing stm32f10x_tim.o(i.TIM_TimeBaseStructInit), (18 bytes).
    Removing stm32f10x_tim.o(i.TIM_UpdateDisableConfig), (24 bytes).
    Removing stm32f10x_tim.o(i.TIM_UpdateRequestConfig), (24 bytes).
    Removing stm32f10x_usart.o(i.USART_ClearFlag), (18 bytes).
    Removing stm32f10x_usart.o(i.USART_ClearITPendingBit), (30 bytes).
    Removing stm32f10x_usart.o(i.USART_ClockInit), (34 bytes).
    Removing stm32f10x_usart.o(i.USART_ClockStructInit), (12 bytes).
    Removing stm32f10x_usart.o(i.USART_DMACmd), (18 bytes).
    Removing stm32f10x_usart.o(i.USART_DeInit), (156 bytes).
    Removing stm32f10x_usart.o(i.USART_HalfDuplexCmd), (24 bytes).
    Removing stm32f10x_usart.o(i.USART_IrDACmd), (24 bytes).
    Removing stm32f10x_usart.o(i.USART_IrDAConfig), (18 bytes).
    Removing stm32f10x_usart.o(i.USART_LINBreakDetectLengthConfig), (18 bytes).
    Removing stm32f10x_usart.o(i.USART_LINCmd), (24 bytes).
    Removing stm32f10x_usart.o(i.USART_OneBitMethodCmd), (24 bytes).
    Removing stm32f10x_usart.o(i.USART_OverSampling8Cmd), (22 bytes).
    Removing stm32f10x_usart.o(i.USART_ReceiverWakeUpCmd), (24 bytes).
    Removing stm32f10x_usart.o(i.USART_SendBreak), (10 bytes).
    Removing stm32f10x_usart.o(i.USART_SetAddress), (18 bytes).
    Removing stm32f10x_usart.o(i.USART_SetGuardTime), (16 bytes).
    Removing stm32f10x_usart.o(i.USART_SetPrescaler), (16 bytes).
    Removing stm32f10x_usart.o(i.USART_SmartCardCmd), (24 bytes).
    Removing stm32f10x_usart.o(i.USART_SmartCardNACKCmd), (24 bytes).
    Removing stm32f10x_usart.o(i.USART_StructInit), (24 bytes).
    Removing stm32f10x_usart.o(i.USART_WakeUpConfig), (18 bytes).
    Removing stm32f10x_wwdg.o(i.WWDG_ClearFlag), (12 bytes).
    Removing stm32f10x_wwdg.o(i.WWDG_DeInit), (22 bytes).
    Removing stm32f10x_wwdg.o(i.WWDG_Enable), (16 bytes).
    Removing stm32f10x_wwdg.o(i.WWDG_EnableIT), (12 bytes).
    Removing stm32f10x_wwdg.o(i.WWDG_GetFlagStatus), (12 bytes).
    Removing stm32f10x_wwdg.o(i.WWDG_SetCounter), (16 bytes).
    Removing stm32f10x_wwdg.o(i.WWDG_SetPrescaler), (24 bytes).
    Removing stm32f10x_wwdg.o(i.WWDG_SetWindowValue), (40 bytes).
    Removing delay.o(i.Delay_s), (24 bytes).
    Removing sys.o(i.NVIC_Configuration), (12 bytes).
    Removing usart.o(i.USART1_Config), (124 bytes).
    Removing usart.o(i.fputc), (36 bytes).
    Removing led.o(i.LED1_Turn), (36 bytes).
    Removing oled.o(i.OLED_ShowBinNum), (62 bytes).
    Removing oled.o(i.OLED_ShowHexNum), (84 bytes).
    Removing oled.o(i.OLED_ShowSignedNum), (102 bytes).
    Removing mfrc522.o(i.CalulateCRC), (108 bytes).
    Removing mfrc522.o(i.MFRC522_AuthState), (112 bytes).
    Removing mfrc522.o(i.MFRC522_Halt), (52 bytes).
    Removing mfrc522.o(i.MFRC522_Read), (86 bytes).
    Removing mfrc522.o(i.MFRC522_SelectTag), (114 bytes).
    Removing mfrc522.o(i.MFRC522_Write), (152 bytes).
    Removing yuyin.o(i.Serial1_Pow), (20 bytes).
    Removing yuyin.o(i.Serial1_SendArray), (26 bytes).
    Removing yuyin.o(i.Serial1_SendNumber), (58 bytes).
    Removing yuyin.o(i.Serial1_SendString), (26 bytes).
    Removing yuyin.o(.data), (2 bytes).
    Removing key.o(i.BTN1_DOUBLE_Click_Handler), (2 bytes).
    Removing key.o(i.BTN1_PRESS_REPEAT_Handler), (2 bytes).
    Removing key.o(i.button_stop), (36 bytes).
    Removing key.o(i.get_button_event), (8 bytes).
    Removing timer.o(i.Get_Os_Time), (12 bytes).
    Removing timer.o(i.TIM3_Int_Init), (100 bytes).
    Removing gizwits_product.o(i.TIMER_IRQ_FUN), (8 bytes).
    Removing gizwits_product.o(i.UART_IRQ_FUN), (16 bytes).
    Removing gizwits_product.o(i.userInit), (16 bytes).
    Removing gizwits_protocol.o(i.gizwitsGetModuleInfo), (96 bytes).
    Removing gizwits_protocol.o(i.gizwitsGetNTP), (88 bytes).
    Removing gizwits_protocol.o(i.gizwitsPassthroughData), (156 bytes).
    Removing common.o(i.char2hex), (106 bytes).
    Removing common.o(i.checkStringIsNotZero), (46 bytes).
    Removing common.o(i.get_yeardays), (24 bytes).
    Removing common.o(i.hex2Str), (82 bytes).
    Removing common.o(i.isleap), (52 bytes).
    Removing common.o(i.returnNtp2Wt), (284 bytes).
    Removing common.o(i.returnWeekDay), (156 bytes).
    Removing common.o(i.str2Hex), (80 bytes).
    Removing common.o(.constdata), (48 bytes).
    Removing datapointtools.o(i.gizStandardCompressValue), (128 bytes).
    Removing datapointtools.o(i.gizStandardDecompressionValue), (194 bytes).
    Removing datapointtools.o(i.gizX2Y), (12 bytes).
    Removing datapointtools.o(i.gizX2YFloat), (42 bytes).
    Removing datapointtools.o(i.gizY2X), (14 bytes).
    Removing datapointtools.o(i.gizY2XFloat), (42 bytes).
    Removing ringbuffer.o(i.rbDelete), (24 bytes).
    Removing fadd.o(.text), (176 bytes).
    Removing fmul.o(.text), (100 bytes).
    Removing fdiv.o(.text), (124 bytes).
    Removing ffltui.o(.text), (10 bytes).
    Removing ffixui.o(.text), (40 bytes).

504 unused section(s) (total 22008 bytes) removed from the image.

==============================================================================

Image Symbol Table

    Local Symbols

    Symbol Name                              Value     Ov Type        Size  Object(Section)

    ../clib/microlib/ctype/toupper.c         0x00000000   Number         0  toupper.o ABSOLUTE
    ../clib/microlib/init/entry.s            0x00000000   Number         0  entry8b.o ABSOLUTE
    ../clib/microlib/init/entry.s            0x00000000   Number         0  entry10a.o ABSOLUTE
    ../clib/microlib/init/entry.s            0x00000000   Number         0  entry9b.o ABSOLUTE
    ../clib/microlib/init/entry.s            0x00000000   Number         0  entry10b.o ABSOLUTE
    ../clib/microlib/init/entry.s            0x00000000   Number         0  entry9a.o ABSOLUTE
    ../clib/microlib/init/entry.s            0x00000000   Number         0  entry11b.o ABSOLUTE
    ../clib/microlib/init/entry.s            0x00000000   Number         0  entry8a.o ABSOLUTE
    ../clib/microlib/init/entry.s            0x00000000   Number         0  entry7a.o ABSOLUTE
    ../clib/microlib/init/entry.s            0x00000000   Number         0  entry7b.o ABSOLUTE
    ../clib/microlib/init/entry.s            0x00000000   Number         0  entry5.o ABSOLUTE
    ../clib/microlib/init/entry.s            0x00000000   Number         0  entry.o ABSOLUTE
    ../clib/microlib/init/entry.s            0x00000000   Number         0  entry2.o ABSOLUTE
    ../clib/microlib/init/entry.s            0x00000000   Number         0  entry11a.o ABSOLUTE
    ../clib/microlib/longlong.c              0x00000000   Number         0  llshl.o ABSOLUTE
    ../clib/microlib/longlong.c              0x00000000   Number         0  llushr.o ABSOLUTE
    ../clib/microlib/malloc/malloc.c         0x00000000   Number         0  malloca.o ABSOLUTE
    ../clib/microlib/malloc/malloc.c         0x00000000   Number         0  mallocr.o ABSOLUTE
    ../clib/microlib/malloc/malloc.c         0x00000000   Number         0  malloc.o ABSOLUTE
    ../clib/microlib/malloc/malloc.c         0x00000000   Number         0  mallocra.o ABSOLUTE
    ../clib/microlib/malloc/mvars.c          0x00000000   Number         0  mvars.o ABSOLUTE
    ../clib/microlib/string/memcpy.c         0x00000000   Number         0  memcpya.o ABSOLUTE
    ../clib/microlib/string/memcpy.c         0x00000000   Number         0  memcpyb.o ABSOLUTE
    ../clib/microlib/string/memset.c         0x00000000   Number         0  memseta.o ABSOLUTE
    ../clib/microlib/string/strlen.c         0x00000000   Number         0  strlen.o ABSOLUTE
    ../clib/microlib/stubs.s                 0x00000000   Number         0  iusefp.o ABSOLUTE
    ../fplib/microlib/f2d.c                  0x00000000   Number         0  f2d.o ABSOLUTE
    ../fplib/microlib/fpadd.c                0x00000000   Number         0  fadd.o ABSOLUTE
    ../fplib/microlib/fpdiv.c                0x00000000   Number         0  ddiv.o ABSOLUTE
    ../fplib/microlib/fpdiv.c                0x00000000   Number         0  fdiv.o ABSOLUTE
    ../fplib/microlib/fpepilogue.c           0x00000000   Number         0  depilogue.o ABSOLUTE
    ../fplib/microlib/fpepilogue.c           0x00000000   Number         0  fepilogue.o ABSOLUTE
    ../fplib/microlib/fpfix.c                0x00000000   Number         0  ffixui.o ABSOLUTE
    ../fplib/microlib/fpfix.c                0x00000000   Number         0  dfixi.o ABSOLUTE
    ../fplib/microlib/fpfix.c                0x00000000   Number         0  dfixui.o ABSOLUTE
    ../fplib/microlib/fpflt.c                0x00000000   Number         0  fflti.o ABSOLUTE
    ../fplib/microlib/fpflt.c                0x00000000   Number         0  dflti.o ABSOLUTE
    ../fplib/microlib/fpflt.c                0x00000000   Number         0  ffltui.o ABSOLUTE
    ../fplib/microlib/fpmul.c                0x00000000   Number         0  fmul.o ABSOLUTE
    ../fplib/microlib/fpmul.c                0x00000000   Number         0  dmul.o ABSOLUTE
    Gizwits\gizwits_product.c                0x00000000   Number         0  gizwits_product.o ABSOLUTE
    Gizwits\gizwits_protocol.c               0x00000000   Number         0  gizwits_protocol.o ABSOLUTE
    HardWare\DHT11.c                         0x00000000   Number         0  dht11.o ABSOLUTE
    Hardware\HX711.c                         0x00000000   Number         0  hx711.o ABSOLUTE
    Hardware\Key.c                           0x00000000   Number         0  key.o ABSOLUTE
    Hardware\LED.c                           0x00000000   Number         0  led.o ABSOLUTE
    Hardware\MFRC522.c                       0x00000000   Number         0  mfrc522.o ABSOLUTE
    Hardware\OLED.c                          0x00000000   Number         0  oled.o ABSOLUTE
    Hardware\TCRT5000.c                      0x00000000   Number         0  tcrt5000.o ABSOLUTE
    Hardware\Timer.c                         0x00000000   Number         0  timer.o ABSOLUTE
    Hardware\usart3.c                        0x00000000   Number         0  usart3.o ABSOLUTE
    Hardware\yuyin.c                         0x00000000   Number         0  yuyin.o ABSOLUTE
    Library\misc.c                           0x00000000   Number         0  misc.o ABSOLUTE
    Library\stm32f10x_adc.c                  0x00000000   Number         0  stm32f10x_adc.o ABSOLUTE
    Library\stm32f10x_bkp.c                  0x00000000   Number         0  stm32f10x_bkp.o ABSOLUTE
    Library\stm32f10x_can.c                  0x00000000   Number         0  stm32f10x_can.o ABSOLUTE
    Library\stm32f10x_cec.c                  0x00000000   Number         0  stm32f10x_cec.o ABSOLUTE
    Library\stm32f10x_crc.c                  0x00000000   Number         0  stm32f10x_crc.o ABSOLUTE
    Library\stm32f10x_dac.c                  0x00000000   Number         0  stm32f10x_dac.o ABSOLUTE
    Library\stm32f10x_dbgmcu.c               0x00000000   Number         0  stm32f10x_dbgmcu.o ABSOLUTE
    Library\stm32f10x_dma.c                  0x00000000   Number         0  stm32f10x_dma.o ABSOLUTE
    Library\stm32f10x_exti.c                 0x00000000   Number         0  stm32f10x_exti.o ABSOLUTE
    Library\stm32f10x_flash.c                0x00000000   Number         0  stm32f10x_flash.o ABSOLUTE
    Library\stm32f10x_fsmc.c                 0x00000000   Number         0  stm32f10x_fsmc.o ABSOLUTE
    Library\stm32f10x_gpio.c                 0x00000000   Number         0  stm32f10x_gpio.o ABSOLUTE
    Library\stm32f10x_i2c.c                  0x00000000   Number         0  stm32f10x_i2c.o ABSOLUTE
    Library\stm32f10x_iwdg.c                 0x00000000   Number         0  stm32f10x_iwdg.o ABSOLUTE
    Library\stm32f10x_pwr.c                  0x00000000   Number         0  stm32f10x_pwr.o ABSOLUTE
    Library\stm32f10x_rcc.c                  0x00000000   Number         0  stm32f10x_rcc.o ABSOLUTE
    Library\stm32f10x_rtc.c                  0x00000000   Number         0  stm32f10x_rtc.o ABSOLUTE
    Library\stm32f10x_sdio.c                 0x00000000   Number         0  stm32f10x_sdio.o ABSOLUTE
    Library\stm32f10x_spi.c                  0x00000000   Number         0  stm32f10x_spi.o ABSOLUTE
    Library\stm32f10x_tim.c                  0x00000000   Number         0  stm32f10x_tim.o ABSOLUTE
    Library\stm32f10x_usart.c                0x00000000   Number         0  stm32f10x_usart.o ABSOLUTE
    Library\stm32f10x_wwdg.c                 0x00000000   Number         0  stm32f10x_wwdg.o ABSOLUTE
    Start\\core_cm3.c                        0x00000000   Number         0  core_cm3.o ABSOLUTE
    Start\core_cm3.c                         0x00000000   Number         0  core_cm3.o ABSOLUTE
    Start\startup_stm32f10x_md.s             0x00000000   Number         0  startup_stm32f10x_md.o ABSOLUTE
    Start\system_stm32f10x.c                 0x00000000   Number         0  system_stm32f10x.o ABSOLUTE
    System\Delay.c                           0x00000000   Number         0  delay.o ABSOLUTE
    System\sys.c                             0x00000000   Number         0  sys.o ABSOLUTE
    System\usart.c                           0x00000000   Number         0  usart.o ABSOLUTE
    User\main.c                              0x00000000   Number         0  main.o ABSOLUTE
    User\stm32f10x_it.c                      0x00000000   Number         0  stm32f10x_it.o ABSOLUTE
    Utils\common.c                           0x00000000   Number         0  common.o ABSOLUTE
    Utils\dataPointTools.c                   0x00000000   Number         0  datapointtools.o ABSOLUTE
    Utils\ringbuffer.c                       0x00000000   Number         0  ringbuffer.o ABSOLUTE
    dc.s                                     0x00000000   Number         0  dc.o ABSOLUTE
    handlers.s                               0x00000000   Number         0  handlers.o ABSOLUTE
    init.s                                   0x00000000   Number         0  init.o ABSOLUTE
    RESET                                    0x08000000   Section      236  startup_stm32f10x_md.o(RESET)
    .ARM.Collect$$$$00000000                 0x080000ec   Section        0  entry.o(.ARM.Collect$$$$00000000)
    .ARM.Collect$$$$00000001                 0x080000ec   Section        4  entry2.o(.ARM.Collect$$$$00000001)
    .ARM.Collect$$$$00000004                 0x080000f0   Section        4  entry5.o(.ARM.Collect$$$$00000004)
    .ARM.Collect$$$$00000008                 0x080000f4   Section        0  entry7b.o(.ARM.Collect$$$$00000008)
    .ARM.Collect$$$$0000000A                 0x080000f4   Section        0  entry8b.o(.ARM.Collect$$$$0000000A)
    .ARM.Collect$$$$0000000B                 0x080000f4   Section        8  entry9a.o(.ARM.Collect$$$$0000000B)
    .ARM.Collect$$$$0000000D                 0x080000fc   Section        0  entry10a.o(.ARM.Collect$$$$0000000D)
    .ARM.Collect$$$$0000000F                 0x080000fc   Section        0  entry11a.o(.ARM.Collect$$$$0000000F)
    .ARM.Collect$$$$00002712                 0x080000fc   Section        4  entry2.o(.ARM.Collect$$$$00002712)
    __lit__00000000                          0x080000fc   Data           4  entry2.o(.ARM.Collect$$$$00002712)
    .text                                    0x08000100   Section       36  startup_stm32f10x_md.o(.text)
    .text                                    0x08000124   Section        0  memcpya.o(.text)
    .text                                    0x08000148   Section        0  memseta.o(.text)
    .text                                    0x0800016c   Section        0  dmul.o(.text)
    .text                                    0x08000250   Section        0  ddiv.o(.text)
    .text                                    0x0800032e   Section        0  fflti.o(.text)
    .text                                    0x08000340   Section        0  dflti.o(.text)
    .text                                    0x08000362   Section        0  dfixi.o(.text)
    .text                                    0x080003a0   Section        0  dfixui.o(.text)
    .text                                    0x080003d2   Section        0  f2d.o(.text)
    .text                                    0x080003f8   Section        0  llushr.o(.text)
    .text                                    0x08000418   Section        0  fepilogue.o(.text)
    .text                                    0x08000418   Section        0  iusefp.o(.text)
    .text                                    0x08000486   Section        0  depilogue.o(.text)
    .text                                    0x08000540   Section       36  init.o(.text)
    .text                                    0x08000564   Section        0  llshl.o(.text)
    i.BTN1_LONG_PRESS_START_Handler          0x08000582   Section        0  key.o(i.BTN1_LONG_PRESS_START_Handler)
    i.BTN1_SINGLE_Click_Handler              0x0800058c   Section        0  key.o(i.BTN1_SINGLE_Click_Handler)
    i.BusFault_Handler                       0x080005a8   Section        0  stm32f10x_it.o(i.BusFault_Handler)
    i.ClearBitMask                           0x080005ac   Section        0  mfrc522.o(i.ClearBitMask)
    i.DHT11_GPIO_Config                      0x080005c8   Section        0  dht11.o(i.DHT11_GPIO_Config)
    i.DHT11_Mode_IPU                         0x080005fc   Section        0  dht11.o(i.DHT11_Mode_IPU)
    DHT11_Mode_IPU                           0x080005fd   Thumb Code    24  dht11.o(i.DHT11_Mode_IPU)
    i.DHT11_Mode_Out_PP                      0x08000618   Section        0  dht11.o(i.DHT11_Mode_Out_PP)
    DHT11_Mode_Out_PP                        0x08000619   Thumb Code    30  dht11.o(i.DHT11_Mode_Out_PP)
    i.DebugMon_Handler                       0x0800063c   Section        0  stm32f10x_it.o(i.DebugMon_Handler)
    i.Delay_ms                               0x0800063e   Section        0  delay.o(i.Delay_ms)
    i.GPIO_Init                              0x08000656   Section        0  stm32f10x_gpio.o(i.GPIO_Init)
    i.GPIO_ReadInputDataBit                  0x0800076c   Section        0  stm32f10x_gpio.o(i.GPIO_ReadInputDataBit)
    i.GPIO_ResetBits                         0x0800077e   Section        0  stm32f10x_gpio.o(i.GPIO_ResetBits)
    i.GPIO_SetBits                           0x08000782   Section        0  stm32f10x_gpio.o(i.GPIO_SetBits)
    i.GPIO_WriteBit                          0x08000786   Section        0  stm32f10x_gpio.o(i.GPIO_WriteBit)
    i.Get_Maopi                              0x08000790   Section        0  hx711.o(i.Get_Maopi)
    i.Get_Weight                             0x080007a0   Section        0  hx711.o(i.Get_Weight)
    i.HX711_Read                             0x08000804   Section        0  hx711.o(i.HX711_Read)
    i.HardFault_Handler                      0x08000878   Section        0  stm32f10x_it.o(i.HardFault_Handler)
    i.Init_HX711pin                          0x0800087c   Section        0  hx711.o(i.Init_HX711pin)
    i.KEY_GPIO_Init                          0x080008c4   Section        0  key.o(i.KEY_GPIO_Init)
    i.LED1_OFF                               0x080008e8   Section        0  led.o(i.LED1_OFF)
    i.LED1_ON                                0x080008f8   Section        0  led.o(i.LED1_ON)
    i.LED_Init                               0x08000908   Section        0  led.o(i.LED_Init)
    i.MFRC522_AntennaOff                     0x08000964   Section        0  mfrc522.o(i.MFRC522_AntennaOff)
    i.MFRC522_AntennaOn                      0x08000970   Section        0  mfrc522.o(i.MFRC522_AntennaOn)
    i.MFRC522_Anticoll                       0x0800098a   Section        0  mfrc522.o(i.MFRC522_Anticoll)
    i.MFRC522_Init                           0x080009fc   Section        0  mfrc522.o(i.MFRC522_Init)
    i.MFRC522_Request                        0x08000a98   Section        0  mfrc522.o(i.MFRC522_Request)
    i.MFRC522_Reset                          0x08000af0   Section        0  mfrc522.o(i.MFRC522_Reset)
    i.MFRC522_ToCard                         0x08000b78   Section        0  mfrc522.o(i.MFRC522_ToCard)
    i.MemManage_Handler                      0x08000cb2   Section        0  stm32f10x_it.o(i.MemManage_Handler)
    i.NMI_Handler                            0x08000cb6   Section        0  stm32f10x_it.o(i.NMI_Handler)
    i.NVIC_Init                              0x08000cb8   Section        0  misc.o(i.NVIC_Init)
    i.NVIC_PriorityGroupConfig               0x08000d28   Section        0  misc.o(i.NVIC_PriorityGroupConfig)
    i.OLED_Clear                             0x08000d3c   Section        0  oled.o(i.OLED_Clear)
    i.OLED_I2C_Init                          0x08000d68   Section        0  oled.o(i.OLED_I2C_Init)
    i.OLED_I2C_SendByte                      0x08000db8   Section        0  oled.o(i.OLED_I2C_SendByte)
    i.OLED_I2C_Start                         0x08000e0c   Section        0  oled.o(i.OLED_I2C_Start)
    i.OLED_I2C_Stop                          0x08000e40   Section        0  oled.o(i.OLED_I2C_Stop)
    i.OLED_Init                              0x08000e68   Section        0  oled.o(i.OLED_Init)
    i.OLED_Pow                               0x08000f16   Section        0  oled.o(i.OLED_Pow)
    i.OLED_SetCursor                         0x08000f2a   Section        0  oled.o(i.OLED_SetCursor)
    i.OLED_ShowChar                          0x08000f4c   Section        0  oled.o(i.OLED_ShowChar)
    i.OLED_ShowNum                           0x08000fc0   Section        0  oled.o(i.OLED_ShowNum)
    i.OLED_ShowString                        0x08001004   Section        0  oled.o(i.OLED_ShowString)
    i.OLED_WriteCommand                      0x0800102c   Section        0  oled.o(i.OLED_WriteCommand)
    i.OLED_WriteData                         0x0800104c   Section        0  oled.o(i.OLED_WriteData)
    i.PendSV_Handler                         0x0800106c   Section        0  stm32f10x_it.o(i.PendSV_Handler)
    i.RCC_APB1PeriphClockCmd                 0x08001070   Section        0  stm32f10x_rcc.o(i.RCC_APB1PeriphClockCmd)
    i.RCC_APB2PeriphClockCmd                 0x08001090   Section        0  stm32f10x_rcc.o(i.RCC_APB2PeriphClockCmd)
    i.RCC_GetClocksFreq                      0x080010b0   Section        0  stm32f10x_rcc.o(i.RCC_GetClocksFreq)
    i.Read_Byte                              0x08001184   Section        0  dht11.o(i.Read_Byte)
    Read_Byte                                0x08001185   Thumb Code    90  dht11.o(i.Read_Byte)
    i.Read_DHT11                             0x080011e4   Section        0  dht11.o(i.Read_DHT11)
    i.Read_MFRC522                           0x08001284   Section        0  mfrc522.o(i.Read_MFRC522)
    i.SVC_Handler                            0x08001360   Section        0  stm32f10x_it.o(i.SVC_Handler)
    i.Serial1_Init                           0x08001364   Section        0  yuyin.o(i.Serial1_Init)
    i.Serial1_SendByte                       0x08001418   Section        0  yuyin.o(i.Serial1_SendByte)
    i.SetBitMask                             0x08001438   Section        0  mfrc522.o(i.SetBitMask)
    i.SetSysClock                            0x08001454   Section        0  system_stm32f10x.o(i.SetSysClock)
    SetSysClock                              0x08001455   Thumb Code     8  system_stm32f10x.o(i.SetSysClock)
    i.SetSysClockTo72                        0x0800145c   Section        0  system_stm32f10x.o(i.SetSysClockTo72)
    SetSysClockTo72                          0x0800145d   Thumb Code   214  system_stm32f10x.o(i.SetSysClockTo72)
    i.SysTick_CLKSourceConfig                0x0800153c   Section        0  misc.o(i.SysTick_CLKSourceConfig)
    i.SysTick_Handler                        0x08001564   Section        0  stm32f10x_it.o(i.SysTick_Handler)
    i.SystemInit                             0x08001568   Section        0  system_stm32f10x.o(i.SystemInit)
    i.TCRT5000_Init                          0x080015c8   Section        0  tcrt5000.o(i.TCRT5000_Init)
    i.TIM1_Int_Init                          0x080015f4   Section        0  timer.o(i.TIM1_Int_Init)
    i.TIM1_UP_IRQHandler                     0x08001658   Section        0  timer.o(i.TIM1_UP_IRQHandler)
    i.TIM4_IRQHandler                        0x0800168c   Section        0  timer.o(i.TIM4_IRQHandler)
    i.TIM4_Int_Init                          0x080016c4   Section        0  timer.o(i.TIM4_Int_Init)
    i.TIM_ClearFlag                          0x08001724   Section        0  stm32f10x_tim.o(i.TIM_ClearFlag)
    i.TIM_ClearITPendingBit                  0x0800172a   Section        0  stm32f10x_tim.o(i.TIM_ClearITPendingBit)
    i.TIM_Cmd                                0x08001730   Section        0  stm32f10x_tim.o(i.TIM_Cmd)
    i.TIM_GetITStatus                        0x08001748   Section        0  stm32f10x_tim.o(i.TIM_GetITStatus)
    i.TIM_ITConfig                           0x0800176a   Section        0  stm32f10x_tim.o(i.TIM_ITConfig)
    i.TIM_TimeBaseInit                       0x0800177c   Section        0  stm32f10x_tim.o(i.TIM_TimeBaseInit)
    i.USART3_IRQHandler                      0x08001820   Section        0  usart3.o(i.USART3_IRQHandler)
    i.USART_Cmd                              0x08001848   Section        0  stm32f10x_usart.o(i.USART_Cmd)
    i.USART_GetFlagStatus                    0x08001860   Section        0  stm32f10x_usart.o(i.USART_GetFlagStatus)
    i.USART_GetITStatus                      0x0800187a   Section        0  stm32f10x_usart.o(i.USART_GetITStatus)
    i.USART_ITConfig                         0x080018ce   Section        0  stm32f10x_usart.o(i.USART_ITConfig)
    i.USART_Init                             0x08001918   Section        0  stm32f10x_usart.o(i.USART_Init)
    i.USART_ReceiveData                      0x080019f0   Section        0  stm32f10x_usart.o(i.USART_ReceiveData)
    i.USART_SendData                         0x080019fa   Section        0  stm32f10x_usart.o(i.USART_SendData)
    i.UsageFault_Handler                     0x08001a02   Section        0  stm32f10x_it.o(i.UsageFault_Handler)
    i.Write_MFRC522                          0x08001a08   Section        0  mfrc522.o(i.Write_MFRC522)
    i.__scatterload_copy                     0x08001ae8   Section       14  handlers.o(i.__scatterload_copy)
    i.__scatterload_null                     0x08001af6   Section        2  handlers.o(i.__scatterload_null)
    i.__scatterload_zeroinit                 0x08001af8   Section       14  handlers.o(i.__scatterload_zeroinit)
    i.button_attach                          0x08001b06   Section        0  key.o(i.button_attach)
    i.button_handler                         0x08001b10   Section        0  key.o(i.button_handler)
    i.button_init                            0x08001d4c   Section        0  key.o(i.button_init)
    i.button_start                           0x08001d80   Section        0  key.o(i.button_start)
    i.button_ticks                           0x08001dac   Section        0  key.o(i.button_ticks)
    i.calculateDynamicBitPartLen             0x08001dc8   Section        0  gizwits_protocol.o(i.calculateDynamicBitPartLen)
    i.clear                                  0x08001df0   Section        0  main.o(i.clear)
    i.delay_init                             0x08001e14   Section        0  delay.o(i.delay_init)
    i.delay_us                               0x08001e50   Section        0  delay.o(i.delay_us)
    i.exchangeBytes                          0x08001e7e   Section        0  common.o(i.exchangeBytes)
    i.exchangeWord                           0x08001e98   Section        0  common.o(i.exchangeWord)
    i.free                                   0x08001eb4   Section        0  malloc.o(i.free)
    i.gizAcrossByteJudge                     0x08001f04   Section        0  datapointtools.o(i.gizAcrossByteJudge)
    i.gizByteOrderExchange                   0x08001f2e   Section        0  datapointtools.o(i.gizByteOrderExchange)
    i.gizCheckReport                         0x08001f60   Section        0  gizwits_protocol.o(i.gizCheckReport)
    gizCheckReport                           0x08001f61   Thumb Code   186  gizwits_protocol.o(i.gizCheckReport)
    i.gizDataPoint2Event                     0x08002024   Section        0  gizwits_protocol.o(i.gizDataPoint2Event)
    gizDataPoint2Event                       0x08002025   Thumb Code   106  gizwits_protocol.o(i.gizDataPoint2Event)
    i.gizDataPoints2ReportData               0x08002090   Section        0  gizwits_protocol.o(i.gizDataPoints2ReportData)
    gizDataPoints2ReportData                 0x08002091   Thumb Code   258  gizwits_protocol.o(i.gizDataPoints2ReportData)
    i.gizDevReportPolicy                     0x08002198   Section        0  gizwits_protocol.o(i.gizDevReportPolicy)
    gizDevReportPolicy                       0x08002199   Thumb Code   156  gizwits_protocol.o(i.gizDevReportPolicy)
    i.gizGetTimerCount                       0x08002244   Section        0  gizwits_product.o(i.gizGetTimerCount)
    i.gizProtocolAckHandle                   0x08002250   Section        0  gizwits_protocol.o(i.gizProtocolAckHandle)
    gizProtocolAckHandle                     0x08002251   Thumb Code    74  gizwits_protocol.o(i.gizProtocolAckHandle)
    i.gizProtocolCommonAck                   0x080022a0   Section        0  gizwits_protocol.o(i.gizProtocolCommonAck)
    gizProtocolCommonAck                     0x080022a1   Thumb Code    74  gizwits_protocol.o(i.gizProtocolCommonAck)
    i.gizProtocolErrorCmd                    0x080022ea   Section        0  gizwits_protocol.o(i.gizProtocolErrorCmd)
    gizProtocolErrorCmd                      0x080022eb   Thumb Code    78  gizwits_protocol.o(i.gizProtocolErrorCmd)
    i.gizProtocolGetDeviceInfo               0x08002338   Section        0  gizwits_protocol.o(i.gizProtocolGetDeviceInfo)
    gizProtocolGetDeviceInfo                 0x08002339   Thumb Code   170  gizwits_protocol.o(i.gizProtocolGetDeviceInfo)
    i.gizProtocolGetOnePacket                0x0800245c   Section        0  gizwits_protocol.o(i.gizProtocolGetOnePacket)
    gizProtocolGetOnePacket                  0x0800245d   Thumb Code   370  gizwits_protocol.o(i.gizProtocolGetOnePacket)
    i.gizProtocolHeadInit                    0x080025e0   Section        0  gizwits_protocol.o(i.gizProtocolHeadInit)
    gizProtocolHeadInit                      0x080025e1   Thumb Code    26  gizwits_protocol.o(i.gizProtocolHeadInit)
    i.gizProtocolIssuedDataAck               0x080025fa   Section        0  gizwits_protocol.o(i.gizProtocolIssuedDataAck)
    gizProtocolIssuedDataAck                 0x080025fb   Thumb Code   202  gizwits_protocol.o(i.gizProtocolIssuedDataAck)
    i.gizProtocolIssuedProcess               0x080026c4   Section        0  gizwits_protocol.o(i.gizProtocolIssuedProcess)
    gizProtocolIssuedProcess                 0x080026c5   Thumb Code   226  gizwits_protocol.o(i.gizProtocolIssuedProcess)
    i.gizProtocolModuleInfoHandle            0x080027ac   Section        0  gizwits_protocol.o(i.gizProtocolModuleInfoHandle)
    gizProtocolModuleInfoHandle              0x080027ad   Thumb Code    60  gizwits_protocol.o(i.gizProtocolModuleInfoHandle)
    i.gizProtocolModuleStatus                0x080027f0   Section        0  gizwits_protocol.o(i.gizProtocolModuleStatus)
    gizProtocolModuleStatus                  0x080027f1   Thumb Code   724  gizwits_protocol.o(i.gizProtocolModuleStatus)
    i.gizProtocolNTP                         0x08002acc   Section        0  gizwits_protocol.o(i.gizProtocolNTP)
    gizProtocolNTP                           0x08002acd   Thumb Code   104  gizwits_protocol.o(i.gizProtocolNTP)
    i.gizProtocolReboot                      0x08002b3c   Section        0  gizwits_protocol.o(i.gizProtocolReboot)
    gizProtocolReboot                        0x08002b3d   Thumb Code    28  gizwits_protocol.o(i.gizProtocolReboot)
    i.gizProtocolResendData                  0x08002b58   Section        0  gizwits_protocol.o(i.gizProtocolResendData)
    gizProtocolResendData                    0x08002b59   Thumb Code    54  gizwits_protocol.o(i.gizProtocolResendData)
    i.gizProtocolSum                         0x08002b94   Section        0  common.o(i.gizProtocolSum)
    i.gizProtocolWaitAck                     0x08002bbc   Section        0  gizwits_protocol.o(i.gizProtocolWaitAck)
    gizProtocolWaitAck                       0x08002bbd   Thumb Code    64  gizwits_protocol.o(i.gizProtocolWaitAck)
    i.gizProtocolWaitAckCheck                0x08002c00   Section        0  gizwits_protocol.o(i.gizProtocolWaitAckCheck)
    gizProtocolWaitAckCheck                  0x08002c01   Thumb Code    38  gizwits_protocol.o(i.gizProtocolWaitAckCheck)
    i.gizPutData                             0x08002c2c   Section        0  gizwits_protocol.o(i.gizPutData)
    i.gizReportData                          0x08002c58   Section        0  gizwits_protocol.o(i.gizReportData)
    gizReportData                            0x08002c59   Thumb Code   156  gizwits_protocol.o(i.gizReportData)
    i.gizTimerMs                             0x08002cf8   Section        0  gizwits_product.o(i.gizTimerMs)
    i.gizVarlenCompressValue                 0x08002d08   Section        0  datapointtools.o(i.gizVarlenCompressValue)
    i.gizVarlenDecompressionValue            0x08002d84   Section        0  datapointtools.o(i.gizVarlenDecompressionValue)
    i.gizwitsEventProcess                    0x08002e48   Section        0  gizwits_product.o(i.gizwitsEventProcess)
    i.gizwitsHandle                          0x08002ecc   Section        0  gizwits_protocol.o(i.gizwitsHandle)
    i.gizwitsInit                            0x080030b8   Section        0  gizwits_protocol.o(i.gizwitsInit)
    i.gizwitsSetMode                         0x080030e8   Section        0  gizwits_protocol.o(i.gizwitsSetMode)
    i.main                                   0x080032f8   Section        0  main.o(i.main)
    i.mcuRestart                             0x0800356c   Section        0  gizwits_product.o(i.mcuRestart)
    i.rbCanRead                              0x0800359c   Section        0  ringbuffer.o(i.rbCanRead)
    i.rbCanWrite                             0x080035d4   Section        0  ringbuffer.o(i.rbCanWrite)
    i.rbCapacity                             0x080035f2   Section        0  ringbuffer.o(i.rbCapacity)
    i.rbCreate                               0x08003600   Section        0  ringbuffer.o(i.rbCreate)
    i.rbRead                                 0x08003616   Section        0  ringbuffer.o(i.rbRead)
    i.rbWrite                                0x080036b8   Section        0  ringbuffer.o(i.rbWrite)
    i.read_button1_GPIO                      0x08003754   Section        0  key.o(i.read_button1_GPIO)
    i.uartWrite                              0x08003764   Section        0  gizwits_product.o(i.uartWrite)
    i.usart3_init                            0x080037bc   Section        0  usart3.o(i.usart3_init)
    i.userHandle                             0x08003864   Section        0  gizwits_product.o(i.userHandle)
    i.xunji                                  0x080038c0   Section        0  tcrt5000.o(i.xunji)
    .constdata                               0x08003998   Section     1520  oled.o(.constdata)
    .data                                    0x20000000   Section       20  stm32f10x_rcc.o(.data)
    APBAHBPrescTable                         0x20000000   Data          16  stm32f10x_rcc.o(.data)
    ADCPrescTable                            0x20000010   Data           4  stm32f10x_rcc.o(.data)
    .data                                    0x20000014   Section        4  delay.o(.data)
    fac_us                                   0x20000014   Data           1  delay.o(.data)
    fac_ms                                   0x20000016   Data           2  delay.o(.data)
    .data                                    0x20000018   Section        4  tcrt5000.o(.data)
    .data                                    0x2000001c   Section       13  hx711.o(.data)
    .data                                    0x2000002c   Section        4  key.o(.data)
    head_handle                              0x2000002c   Data           4  key.o(.data)
    .data                                    0x20000030   Section        9  timer.o(.data)
    os_time                                  0x20000030   Data           8  timer.o(.data)
    Key_Count                                0x20000038   Data           1  timer.o(.data)
    .data                                    0x2000003c   Section       36  main.o(.data)
    .data                                    0x20000060   Section        9  gizwits_product.o(.data)
    timerMsCount                             0x20000060   Data           4  gizwits_product.o(.data)
    .data                                    0x2000006c   Section       16  gizwits_protocol.o(.data)
    lastReportTime                           0x2000006c   Data           4  gizwits_protocol.o(.data)
    lastRepTime                              0x20000070   Data           4  gizwits_protocol.o(.data)
    protocolFlag                             0x20000074   Data           1  gizwits_protocol.o(.data)
    protocolCount                            0x20000076   Data           2  gizwits_protocol.o(.data)
    lastData                                 0x20000078   Data           1  gizwits_protocol.o(.data)
    debugCount                               0x20000079   Data           1  gizwits_protocol.o(.data)
    lastStatus                               0x2000007a   Data           2  gizwits_protocol.o(.data)
    .data                                    0x2000007c   Section        4  mvars.o(.data)
    .bss                                     0x20000080   Section       40  key.o(.bss)
    .bss                                     0x200000a8   Section       20  main.o(.bss)
    .bss                                     0x200000bc   Section      476  gizwits_protocol.o(.bss)
    rbBuf                                    0x20000230   Data         104  gizwits_protocol.o(.bss)
    STACK                                    0x20000298   Section     1024  startup_stm32f10x_md.o(STACK)

    Global Symbols

    Symbol Name                              Value     Ov Type        Size  Object(Section)

    BuildAttributes$$THM_ISAv4$P$D$K$B$S$PE$A:L22UL41UL21$X:L11$S22US41US21$IEEE1$IW$USESV6$~STKCKD$USESV7$~SHL$OTIME$ROPI$EBA8$MICROLIB$REQ8$PRES8$EABIv2 0x00000000   Number         0  anon$$obj.o ABSOLUTE
    __ARM_use_no_argv                        0x00000000   Number         0  main.o ABSOLUTE
    __cpp_initialize__aeabi_                  - Undefined Weak Reference
    __cxa_finalize                            - Undefined Weak Reference
    __decompress                              - Undefined Weak Reference
    _clock_init                               - Undefined Weak Reference
    _microlib_exit                            - Undefined Weak Reference
    __Vectors_Size                           0x000000ec   Number         0  startup_stm32f10x_md.o ABSOLUTE
    __Vectors                                0x08000000   Data           4  startup_stm32f10x_md.o(RESET)
    __Vectors_End                            0x080000ec   Data           0  startup_stm32f10x_md.o(RESET)
    __main                                   0x080000ed   Thumb Code     0  entry.o(.ARM.Collect$$$$00000000)
    _main_stk                                0x080000ed   Thumb Code     0  entry2.o(.ARM.Collect$$$$00000001)
    _main_scatterload                        0x080000f1   Thumb Code     0  entry5.o(.ARM.Collect$$$$00000004)
    __main_after_scatterload                 0x080000f5   Thumb Code     0  entry5.o(.ARM.Collect$$$$00000004)
    _main_clock                              0x080000f5   Thumb Code     0  entry7b.o(.ARM.Collect$$$$00000008)
    _main_cpp_init                           0x080000f5   Thumb Code     0  entry8b.o(.ARM.Collect$$$$0000000A)
    _main_init                               0x080000f5   Thumb Code     0  entry9a.o(.ARM.Collect$$$$0000000B)
    __rt_final_cpp                           0x080000fd   Thumb Code     0  entry10a.o(.ARM.Collect$$$$0000000D)
    __rt_final_exit                          0x080000fd   Thumb Code     0  entry11a.o(.ARM.Collect$$$$0000000F)
    Reset_Handler                            0x08000101   Thumb Code     8  startup_stm32f10x_md.o(.text)
    ADC1_2_IRQHandler                        0x0800011b   Thumb Code     0  startup_stm32f10x_md.o(.text)
    CAN1_RX1_IRQHandler                      0x0800011b   Thumb Code     0  startup_stm32f10x_md.o(.text)
    CAN1_SCE_IRQHandler                      0x0800011b   Thumb Code     0  startup_stm32f10x_md.o(.text)
    DMA1_Channel1_IRQHandler                 0x0800011b   Thumb Code     0  startup_stm32f10x_md.o(.text)
    DMA1_Channel2_IRQHandler                 0x0800011b   Thumb Code     0  startup_stm32f10x_md.o(.text)
    DMA1_Channel3_IRQHandler                 0x0800011b   Thumb Code     0  startup_stm32f10x_md.o(.text)
    DMA1_Channel4_IRQHandler                 0x0800011b   Thumb Code     0  startup_stm32f10x_md.o(.text)
    DMA1_Channel5_IRQHandler                 0x0800011b   Thumb Code     0  startup_stm32f10x_md.o(.text)
    DMA1_Channel6_IRQHandler                 0x0800011b   Thumb Code     0  startup_stm32f10x_md.o(.text)
    DMA1_Channel7_IRQHandler                 0x0800011b   Thumb Code     0  startup_stm32f10x_md.o(.text)
    EXTI0_IRQHandler                         0x0800011b   Thumb Code     0  startup_stm32f10x_md.o(.text)
    EXTI15_10_IRQHandler                     0x0800011b   Thumb Code     0  startup_stm32f10x_md.o(.text)
    EXTI1_IRQHandler                         0x0800011b   Thumb Code     0  startup_stm32f10x_md.o(.text)
    EXTI2_IRQHandler                         0x0800011b   Thumb Code     0  startup_stm32f10x_md.o(.text)
    EXTI3_IRQHandler                         0x0800011b   Thumb Code     0  startup_stm32f10x_md.o(.text)
    EXTI4_IRQHandler                         0x0800011b   Thumb Code     0  startup_stm32f10x_md.o(.text)
    EXTI9_5_IRQHandler                       0x0800011b   Thumb Code     0  startup_stm32f10x_md.o(.text)
    FLASH_IRQHandler                         0x0800011b   Thumb Code     0  startup_stm32f10x_md.o(.text)
    I2C1_ER_IRQHandler                       0x0800011b   Thumb Code     0  startup_stm32f10x_md.o(.text)
    I2C1_EV_IRQHandler                       0x0800011b   Thumb Code     0  startup_stm32f10x_md.o(.text)
    I2C2_ER_IRQHandler                       0x0800011b   Thumb Code     0  startup_stm32f10x_md.o(.text)
    I2C2_EV_IRQHandler                       0x0800011b   Thumb Code     0  startup_stm32f10x_md.o(.text)
    PVD_IRQHandler                           0x0800011b   Thumb Code     0  startup_stm32f10x_md.o(.text)
    RCC_IRQHandler                           0x0800011b   Thumb Code     0  startup_stm32f10x_md.o(.text)
    RTCAlarm_IRQHandler                      0x0800011b   Thumb Code     0  startup_stm32f10x_md.o(.text)
    RTC_IRQHandler                           0x0800011b   Thumb Code     0  startup_stm32f10x_md.o(.text)
    SPI1_IRQHandler                          0x0800011b   Thumb Code     0  startup_stm32f10x_md.o(.text)
    SPI2_IRQHandler                          0x0800011b   Thumb Code     0  startup_stm32f10x_md.o(.text)
    TAMPER_IRQHandler                        0x0800011b   Thumb Code     0  startup_stm32f10x_md.o(.text)
    TIM1_BRK_IRQHandler                      0x0800011b   Thumb Code     0  startup_stm32f10x_md.o(.text)
    TIM1_CC_IRQHandler                       0x0800011b   Thumb Code     0  startup_stm32f10x_md.o(.text)
    TIM1_TRG_COM_IRQHandler                  0x0800011b   Thumb Code     0  startup_stm32f10x_md.o(.text)
    TIM2_IRQHandler                          0x0800011b   Thumb Code     0  startup_stm32f10x_md.o(.text)
    TIM3_IRQHandler                          0x0800011b   Thumb Code     0  startup_stm32f10x_md.o(.text)
    USART1_IRQHandler                        0x0800011b   Thumb Code     0  startup_stm32f10x_md.o(.text)
    USART2_IRQHandler                        0x0800011b   Thumb Code     0  startup_stm32f10x_md.o(.text)
    USBWakeUp_IRQHandler                     0x0800011b   Thumb Code     0  startup_stm32f10x_md.o(.text)
    USB_HP_CAN1_TX_IRQHandler                0x0800011b   Thumb Code     0  startup_stm32f10x_md.o(.text)
    USB_LP_CAN1_RX0_IRQHandler               0x0800011b   Thumb Code     0  startup_stm32f10x_md.o(.text)
    WWDG_IRQHandler                          0x0800011b   Thumb Code     0  startup_stm32f10x_md.o(.text)
    __aeabi_memcpy                           0x08000125   Thumb Code    36  memcpya.o(.text)
    __aeabi_memcpy4                          0x08000125   Thumb Code     0  memcpya.o(.text)
    __aeabi_memcpy8                          0x08000125   Thumb Code     0  memcpya.o(.text)
    __aeabi_memset                           0x08000149   Thumb Code    14  memseta.o(.text)
    __aeabi_memset4                          0x08000149   Thumb Code     0  memseta.o(.text)
    __aeabi_memset8                          0x08000149   Thumb Code     0  memseta.o(.text)
    __aeabi_memclr                           0x08000157   Thumb Code     4  memseta.o(.text)
    __aeabi_memclr4                          0x08000157   Thumb Code     0  memseta.o(.text)
    __aeabi_memclr8                          0x08000157   Thumb Code     0  memseta.o(.text)
    _memset$wrapper                          0x0800015b   Thumb Code    18  memseta.o(.text)
    __aeabi_dmul                             0x0800016d   Thumb Code   228  dmul.o(.text)
    __aeabi_ddiv                             0x08000251   Thumb Code   222  ddiv.o(.text)
    __aeabi_i2f                              0x0800032f   Thumb Code    18  fflti.o(.text)
    __aeabi_i2d                              0x08000341   Thumb Code    34  dflti.o(.text)
    __aeabi_d2iz                             0x08000363   Thumb Code    62  dfixi.o(.text)
    __aeabi_d2uiz                            0x080003a1   Thumb Code    50  dfixui.o(.text)
    __aeabi_f2d                              0x080003d3   Thumb Code    38  f2d.o(.text)
    __aeabi_llsr                             0x080003f9   Thumb Code    32  llushr.o(.text)
    _ll_ushift_r                             0x080003f9   Thumb Code     0  llushr.o(.text)
    __I$use$fp                               0x08000419   Thumb Code     0  iusefp.o(.text)
    _float_round                             0x08000419   Thumb Code    18  fepilogue.o(.text)
    _float_epilogue                          0x0800042b   Thumb Code    92  fepilogue.o(.text)
    _double_round                            0x08000487   Thumb Code    30  depilogue.o(.text)
    _double_epilogue                         0x080004a5   Thumb Code   156  depilogue.o(.text)
    __scatterload                            0x08000541   Thumb Code    28  init.o(.text)
    __scatterload_rt2                        0x08000541   Thumb Code     0  init.o(.text)
    __aeabi_llsl                             0x08000565   Thumb Code    30  llshl.o(.text)
    _ll_shift_l                              0x08000565   Thumb Code     0  llshl.o(.text)
    BTN1_LONG_PRESS_START_Handler            0x08000583   Thumb Code    10  key.o(i.BTN1_LONG_PRESS_START_Handler)
    BTN1_SINGLE_Click_Handler                0x0800058d   Thumb Code    22  key.o(i.BTN1_SINGLE_Click_Handler)
    BusFault_Handler                         0x080005a9   Thumb Code     4  stm32f10x_it.o(i.BusFault_Handler)
    ClearBitMask                             0x080005ad   Thumb Code    28  mfrc522.o(i.ClearBitMask)
    DHT11_GPIO_Config                        0x080005c9   Thumb Code    46  dht11.o(i.DHT11_GPIO_Config)
    DebugMon_Handler                         0x0800063d   Thumb Code     2  stm32f10x_it.o(i.DebugMon_Handler)
    Delay_ms                                 0x0800063f   Thumb Code    24  delay.o(i.Delay_ms)
    GPIO_Init                                0x08000657   Thumb Code   278  stm32f10x_gpio.o(i.GPIO_Init)
    GPIO_ReadInputDataBit                    0x0800076d   Thumb Code    18  stm32f10x_gpio.o(i.GPIO_ReadInputDataBit)
    GPIO_ResetBits                           0x0800077f   Thumb Code     4  stm32f10x_gpio.o(i.GPIO_ResetBits)
    GPIO_SetBits                             0x08000783   Thumb Code     4  stm32f10x_gpio.o(i.GPIO_SetBits)
    GPIO_WriteBit                            0x08000787   Thumb Code    10  stm32f10x_gpio.o(i.GPIO_WriteBit)
    Get_Maopi                                0x08000791   Thumb Code    12  hx711.o(i.Get_Maopi)
    Get_Weight                               0x080007a1   Thumb Code    84  hx711.o(i.Get_Weight)
    HX711_Read                               0x08000805   Thumb Code   108  hx711.o(i.HX711_Read)
    HardFault_Handler                        0x08000879   Thumb Code     4  stm32f10x_it.o(i.HardFault_Handler)
    Init_HX711pin                            0x0800087d   Thumb Code    66  hx711.o(i.Init_HX711pin)
    KEY_GPIO_Init                            0x080008c5   Thumb Code    32  key.o(i.KEY_GPIO_Init)
    LED1_OFF                                 0x080008e9   Thumb Code    12  led.o(i.LED1_OFF)
    LED1_ON                                  0x080008f9   Thumb Code    12  led.o(i.LED1_ON)
    LED_Init                                 0x08000909   Thumb Code    82  led.o(i.LED_Init)
    MFRC522_AntennaOff                       0x08000965   Thumb Code    12  mfrc522.o(i.MFRC522_AntennaOff)
    MFRC522_AntennaOn                        0x08000971   Thumb Code    26  mfrc522.o(i.MFRC522_AntennaOn)
    MFRC522_Anticoll                         0x0800098b   Thumb Code   114  mfrc522.o(i.MFRC522_Anticoll)
    MFRC522_Init                             0x080009fd   Thumb Code   146  mfrc522.o(i.MFRC522_Init)
    MFRC522_Request                          0x08000a99   Thumb Code    86  mfrc522.o(i.MFRC522_Request)
    MFRC522_Reset                            0x08000af1   Thumb Code   132  mfrc522.o(i.MFRC522_Reset)
    MFRC522_ToCard                           0x08000b79   Thumb Code   314  mfrc522.o(i.MFRC522_ToCard)
    MemManage_Handler                        0x08000cb3   Thumb Code     4  stm32f10x_it.o(i.MemManage_Handler)
    NMI_Handler                              0x08000cb7   Thumb Code     2  stm32f10x_it.o(i.NMI_Handler)
    NVIC_Init                                0x08000cb9   Thumb Code   100  misc.o(i.NVIC_Init)
    NVIC_PriorityGroupConfig                 0x08000d29   Thumb Code    10  misc.o(i.NVIC_PriorityGroupConfig)
    OLED_Clear                               0x08000d3d   Thumb Code    42  oled.o(i.OLED_Clear)
    OLED_I2C_Init                            0x08000d69   Thumb Code    76  oled.o(i.OLED_I2C_Init)
    OLED_I2C_SendByte                        0x08000db9   Thumb Code    80  oled.o(i.OLED_I2C_SendByte)
    OLED_I2C_Start                           0x08000e0d   Thumb Code    48  oled.o(i.OLED_I2C_Start)
    OLED_I2C_Stop                            0x08000e41   Thumb Code    36  oled.o(i.OLED_I2C_Stop)
    OLED_Init                                0x08000e69   Thumb Code   174  oled.o(i.OLED_Init)
    OLED_Pow                                 0x08000f17   Thumb Code    20  oled.o(i.OLED_Pow)
    OLED_SetCursor                           0x08000f2b   Thumb Code    34  oled.o(i.OLED_SetCursor)
    OLED_ShowChar                            0x08000f4d   Thumb Code   110  oled.o(i.OLED_ShowChar)
    OLED_ShowNum                             0x08000fc1   Thumb Code    68  oled.o(i.OLED_ShowNum)
    OLED_ShowString                          0x08001005   Thumb Code    40  oled.o(i.OLED_ShowString)
    OLED_WriteCommand                        0x0800102d   Thumb Code    32  oled.o(i.OLED_WriteCommand)
    OLED_WriteData                           0x0800104d   Thumb Code    32  oled.o(i.OLED_WriteData)
    PendSV_Handler                           0x0800106d   Thumb Code     2  stm32f10x_it.o(i.PendSV_Handler)
    RCC_APB1PeriphClockCmd                   0x08001071   Thumb Code    26  stm32f10x_rcc.o(i.RCC_APB1PeriphClockCmd)
    RCC_APB2PeriphClockCmd                   0x08001091   Thumb Code    26  stm32f10x_rcc.o(i.RCC_APB2PeriphClockCmd)
    RCC_GetClocksFreq                        0x080010b1   Thumb Code   192  stm32f10x_rcc.o(i.RCC_GetClocksFreq)
    Read_DHT11                               0x080011e5   Thumb Code   154  dht11.o(i.Read_DHT11)
    Read_MFRC522                             0x08001285   Thumb Code   212  mfrc522.o(i.Read_MFRC522)
    SVC_Handler                              0x08001361   Thumb Code     2  stm32f10x_it.o(i.SVC_Handler)
    Serial1_Init                             0x08001365   Thumb Code   170  yuyin.o(i.Serial1_Init)
    Serial1_SendByte                         0x08001419   Thumb Code    28  yuyin.o(i.Serial1_SendByte)
    SetBitMask                               0x08001439   Thumb Code    28  mfrc522.o(i.SetBitMask)
    SysTick_CLKSourceConfig                  0x0800153d   Thumb Code    40  misc.o(i.SysTick_CLKSourceConfig)
    SysTick_Handler                          0x08001565   Thumb Code     2  stm32f10x_it.o(i.SysTick_Handler)
    SystemInit                               0x08001569   Thumb Code    78  system_stm32f10x.o(i.SystemInit)
    TCRT5000_Init                            0x080015c9   Thumb Code    38  tcrt5000.o(i.TCRT5000_Init)
    TIM1_Int_Init                            0x080015f5   Thumb Code    94  timer.o(i.TIM1_Int_Init)
    TIM1_UP_IRQHandler                       0x08001659   Thumb Code    44  timer.o(i.TIM1_UP_IRQHandler)
    TIM4_IRQHandler                          0x0800168d   Thumb Code    48  timer.o(i.TIM4_IRQHandler)
    TIM4_Int_Init                            0x080016c5   Thumb Code    90  timer.o(i.TIM4_Int_Init)
    TIM_ClearFlag                            0x08001725   Thumb Code     6  stm32f10x_tim.o(i.TIM_ClearFlag)
    TIM_ClearITPendingBit                    0x0800172b   Thumb Code     6  stm32f10x_tim.o(i.TIM_ClearITPendingBit)
    TIM_Cmd                                  0x08001731   Thumb Code    24  stm32f10x_tim.o(i.TIM_Cmd)
    TIM_GetITStatus                          0x08001749   Thumb Code    34  stm32f10x_tim.o(i.TIM_GetITStatus)
    TIM_ITConfig                             0x0800176b   Thumb Code    18  stm32f10x_tim.o(i.TIM_ITConfig)
    TIM_TimeBaseInit                         0x0800177d   Thumb Code   122  stm32f10x_tim.o(i.TIM_TimeBaseInit)
    USART3_IRQHandler                        0x08001821   Thumb Code    34  usart3.o(i.USART3_IRQHandler)
    USART_Cmd                                0x08001849   Thumb Code    24  stm32f10x_usart.o(i.USART_Cmd)
    USART_GetFlagStatus                      0x08001861   Thumb Code    26  stm32f10x_usart.o(i.USART_GetFlagStatus)
    USART_GetITStatus                        0x0800187b   Thumb Code    84  stm32f10x_usart.o(i.USART_GetITStatus)
    USART_ITConfig                           0x080018cf   Thumb Code    74  stm32f10x_usart.o(i.USART_ITConfig)
    USART_Init                               0x08001919   Thumb Code   210  stm32f10x_usart.o(i.USART_Init)
    USART_ReceiveData                        0x080019f1   Thumb Code    10  stm32f10x_usart.o(i.USART_ReceiveData)
    USART_SendData                           0x080019fb   Thumb Code     8  stm32f10x_usart.o(i.USART_SendData)
    UsageFault_Handler                       0x08001a03   Thumb Code     4  stm32f10x_it.o(i.UsageFault_Handler)
    Write_MFRC522                            0x08001a09   Thumb Code   214  mfrc522.o(i.Write_MFRC522)
    __scatterload_copy                       0x08001ae9   Thumb Code    14  handlers.o(i.__scatterload_copy)
    __scatterload_null                       0x08001af7   Thumb Code     2  handlers.o(i.__scatterload_null)
    __scatterload_zeroinit                   0x08001af9   Thumb Code    14  handlers.o(i.__scatterload_zeroinit)
    button_attach                            0x08001b07   Thumb Code    10  key.o(i.button_attach)
    button_handler                           0x08001b11   Thumb Code   572  key.o(i.button_handler)
    button_init                              0x08001d4d   Thumb Code    50  key.o(i.button_init)
    button_start                             0x08001d81   Thumb Code    38  key.o(i.button_start)
    button_ticks                             0x08001dad   Thumb Code    22  key.o(i.button_ticks)
    calculateDynamicBitPartLen               0x08001dc9   Thumb Code    40  gizwits_protocol.o(i.calculateDynamicBitPartLen)
    clear                                    0x08001df1   Thumb Code    20  main.o(i.clear)
    delay_init                               0x08001e15   Thumb Code    52  delay.o(i.delay_init)
    delay_us                                 0x08001e51   Thumb Code    46  delay.o(i.delay_us)
    exchangeBytes                            0x08001e7f   Thumb Code    26  common.o(i.exchangeBytes)
    exchangeWord                             0x08001e99   Thumb Code    26  common.o(i.exchangeWord)
    free                                     0x08001eb5   Thumb Code    76  malloc.o(i.free)
    gizAcrossByteJudge                       0x08001f05   Thumb Code    42  datapointtools.o(i.gizAcrossByteJudge)
    gizByteOrderExchange                     0x08001f2f   Thumb Code    50  datapointtools.o(i.gizByteOrderExchange)
    gizGetTimerCount                         0x08002245   Thumb Code     6  gizwits_product.o(i.gizGetTimerCount)
    gizProtocolSum                           0x08002b95   Thumb Code    38  common.o(i.gizProtocolSum)
    gizPutData                               0x08002c2d   Thumb Code    40  gizwits_protocol.o(i.gizPutData)
    gizTimerMs                               0x08002cf9   Thumb Code    12  gizwits_product.o(i.gizTimerMs)
    gizVarlenCompressValue                   0x08002d09   Thumb Code   124  datapointtools.o(i.gizVarlenCompressValue)
    gizVarlenDecompressionValue              0x08002d85   Thumb Code   196  datapointtools.o(i.gizVarlenDecompressionValue)
    gizwitsEventProcess                      0x08002e49   Thumb Code   126  gizwits_product.o(i.gizwitsEventProcess)
    gizwitsHandle                            0x08002ecd   Thumb Code   482  gizwits_protocol.o(i.gizwitsHandle)
    gizwitsInit                              0x080030b9   Thumb Code    36  gizwits_protocol.o(i.gizwitsInit)
    gizwitsSetMode                           0x080030e9   Thumb Code   524  gizwits_protocol.o(i.gizwitsSetMode)
    main                                     0x080032f9   Thumb Code   516  main.o(i.main)
    mcuRestart                               0x0800356d   Thumb Code    38  gizwits_product.o(i.mcuRestart)
    rbCanRead                                0x0800359d   Thumb Code    56  ringbuffer.o(i.rbCanRead)
    rbCanWrite                               0x080035d5   Thumb Code    30  ringbuffer.o(i.rbCanWrite)
    rbCapacity                               0x080035f3   Thumb Code    14  ringbuffer.o(i.rbCapacity)
    rbCreate                                 0x08003601   Thumb Code    22  ringbuffer.o(i.rbCreate)
    rbRead                                   0x08003617   Thumb Code   162  ringbuffer.o(i.rbRead)
    rbWrite                                  0x080036b9   Thumb Code   154  ringbuffer.o(i.rbWrite)
    read_button1_GPIO                        0x08003755   Thumb Code    12  key.o(i.read_button1_GPIO)
    uartWrite                                0x08003765   Thumb Code    82  gizwits_product.o(i.uartWrite)
    usart3_init                              0x080037bd   Thumb Code   158  usart3.o(i.usart3_init)
    userHandle                               0x08003865   Thumb Code    70  gizwits_product.o(i.userHandle)
    xunji                                    0x080038c1   Thumb Code   206  tcrt5000.o(i.xunji)
    OLED_F8x16                               0x08003998   Data        1520  oled.o(.constdata)
    Region$$Table$$Base                      0x08003f88   Number         0  anon$$obj.o(Region$$Table)
    Region$$Table$$Limit                     0x08003fa8   Number         0  anon$$obj.o(Region$$Table)
    P                                        0x20000018   Data           1  tcrt5000.o(.data)
    Trace_1                                  0x2000001a   Data           2  tcrt5000.o(.data)
    HX711_Buffer                             0x2000001c   Data           4  hx711.o(.data)
    Weight_Maopi                             0x20000020   Data           4  hx711.o(.data)
    Weight_Shiwu                             0x20000024   Data           4  hx711.o(.data)
    Flag_Error                               0x20000028   Data           1  hx711.o(.data)
    DHT11_Data                               0x2000003c   Data           5  main.o(.data)
    real_weight                              0x20000042   Data           2  main.o(.data)
    status                                   0x20000044   Data           1  main.o(.data)
    temp                                     0x20000048   Data           4  main.o(.data)
    i                                        0x2000004c   Data           4  main.o(.data)
    aaa                                      0x20000050   Data           4  main.o(.data)
    bbb                                      0x20000054   Data           4  main.o(.data)
    ccc                                      0x20000058   Data           4  main.o(.data)
    ddd                                      0x2000005c   Data           4  main.o(.data)
    currentDataPoint                         0x20000064   Data           5  gizwits_product.o(.data)
    __microlib_freelist                      0x2000007c   Data           4  mvars.o(.data)
    btn1                                     0x20000080   Data          40  key.o(.bss)
    buf                                      0x200000a8   Data          20  main.o(.bss)
    gizwitsProtocol                          0x200000bc   Data         356  gizwits_protocol.o(.bss)
    pRb                                      0x20000220   Data          16  gizwits_protocol.o(.bss)
    __initial_sp                             0x20000698   Data           0  startup_stm32f10x_md.o(STACK)



==============================================================================

Memory Map of the image

  Image Entry point : 0x080000ed

  Load Region LR_IROM1 (Base: 0x08000000, Size: 0x00004028, Max: 0x00010000, ABSOLUTE)

    Execution Region ER_IROM1 (Exec base: 0x08000000, Load base: 0x08000000, Size: 0x00003fa8, Max: 0x00010000, ABSOLUTE)

    Exec Addr    Load Addr    Size         Type   Attr      Idx    E Section Name        Object

    0x08000000   0x08000000   0x000000ec   Data   RO            3    RESET               startup_stm32f10x_md.o
    0x080000ec   0x080000ec   0x00000000   Code   RO         4435  * .ARM.Collect$$$$00000000  mc_w.l(entry.o)
    0x080000ec   0x080000ec   0x00000004   Code   RO         4500    .ARM.Collect$$$$00000001  mc_w.l(entry2.o)
    0x080000f0   0x080000f0   0x00000004   Code   RO         4503    .ARM.Collect$$$$00000004  mc_w.l(entry5.o)
    0x080000f4   0x080000f4   0x00000000   Code   RO         4505    .ARM.Collect$$$$00000008  mc_w.l(entry7b.o)
    0x080000f4   0x080000f4   0x00000000   Code   RO         4507    .ARM.Collect$$$$0000000A  mc_w.l(entry8b.o)
    0x080000f4   0x080000f4   0x00000008   Code   RO         4508    .ARM.Collect$$$$0000000B  mc_w.l(entry9a.o)
    0x080000fc   0x080000fc   0x00000000   Code   RO         4510    .ARM.Collect$$$$0000000D  mc_w.l(entry10a.o)
    0x080000fc   0x080000fc   0x00000000   Code   RO         4512    .ARM.Collect$$$$0000000F  mc_w.l(entry11a.o)
    0x080000fc   0x080000fc   0x00000004   Code   RO         4501    .ARM.Collect$$$$00002712  mc_w.l(entry2.o)
    0x08000100   0x08000100   0x00000024   Code   RO            4    .text               startup_stm32f10x_md.o
    0x08000124   0x08000124   0x00000024   Code   RO         4440    .text               mc_w.l(memcpya.o)
    0x08000148   0x08000148   0x00000024   Code   RO         4442    .text               mc_w.l(memseta.o)
    0x0800016c   0x0800016c   0x000000e4   Code   RO         4482    .text               mf_w.l(dmul.o)
    0x08000250   0x08000250   0x000000de   Code   RO         4484    .text               mf_w.l(ddiv.o)
    0x0800032e   0x0800032e   0x00000012   Code   RO         4486    .text               mf_w.l(fflti.o)
    0x08000340   0x08000340   0x00000022   Code   RO         4490    .text               mf_w.l(dflti.o)
    0x08000362   0x08000362   0x0000003e   Code   RO         4494    .text               mf_w.l(dfixi.o)
    0x080003a0   0x080003a0   0x00000032   Code   RO         4496    .text               mf_w.l(dfixui.o)
    0x080003d2   0x080003d2   0x00000026   Code   RO         4498    .text               mf_w.l(f2d.o)
    0x080003f8   0x080003f8   0x00000020   Code   RO         4514    .text               mc_w.l(llushr.o)
    0x08000418   0x08000418   0x00000000   Code   RO         4518    .text               mc_w.l(iusefp.o)
    0x08000418   0x08000418   0x0000006e   Code   RO         4519    .text               mf_w.l(fepilogue.o)
    0x08000486   0x08000486   0x000000ba   Code   RO         4521    .text               mf_w.l(depilogue.o)
    0x08000540   0x08000540   0x00000024   Code   RO         4523    .text               mc_w.l(init.o)
    0x08000564   0x08000564   0x0000001e   Code   RO         4525    .text               mc_w.l(llshl.o)
    0x08000582   0x08000582   0x0000000a   Code   RO         3685    i.BTN1_LONG_PRESS_START_Handler  key.o
    0x0800058c   0x0800058c   0x0000001c   Code   RO         3687    i.BTN1_SINGLE_Click_Handler  key.o
    0x080005a8   0x080005a8   0x00000004   Code   RO         3936    i.BusFault_Handler  stm32f10x_it.o
    0x080005ac   0x080005ac   0x0000001c   Code   RO         3519    i.ClearBitMask      mfrc522.o
    0x080005c8   0x080005c8   0x00000034   Code   RO         3409    i.DHT11_GPIO_Config  dht11.o
    0x080005fc   0x080005fc   0x0000001c   Code   RO         3410    i.DHT11_Mode_IPU    dht11.o
    0x08000618   0x08000618   0x00000024   Code   RO         3411    i.DHT11_Mode_Out_PP  dht11.o
    0x0800063c   0x0800063c   0x00000002   Code   RO         3937    i.DebugMon_Handler  stm32f10x_it.o
    0x0800063e   0x0800063e   0x00000018   Code   RO         3196    i.Delay_ms          delay.o
    0x08000656   0x08000656   0x00000116   Code   RO         1347    i.GPIO_Init         stm32f10x_gpio.o
    0x0800076c   0x0800076c   0x00000012   Code   RO         1351    i.GPIO_ReadInputDataBit  stm32f10x_gpio.o
    0x0800077e   0x0800077e   0x00000004   Code   RO         1354    i.GPIO_ResetBits    stm32f10x_gpio.o
    0x08000782   0x08000782   0x00000004   Code   RO         1355    i.GPIO_SetBits      stm32f10x_gpio.o
    0x08000786   0x08000786   0x0000000a   Code   RO         1358    i.GPIO_WriteBit     stm32f10x_gpio.o
    0x08000790   0x08000790   0x00000010   Code   RO         3479    i.Get_Maopi         hx711.o
    0x080007a0   0x080007a0   0x00000064   Code   RO         3480    i.Get_Weight        hx711.o
    0x08000804   0x08000804   0x00000074   Code   RO         3481    i.HX711_Read        hx711.o
    0x08000878   0x08000878   0x00000004   Code   RO         3938    i.HardFault_Handler  stm32f10x_it.o
    0x0800087c   0x0800087c   0x00000048   Code   RO         3482    i.Init_HX711pin     hx711.o
    0x080008c4   0x080008c4   0x00000024   Code   RO         3688    i.KEY_GPIO_Init     key.o
    0x080008e8   0x080008e8   0x00000010   Code   RO         3271    i.LED1_OFF          led.o
    0x080008f8   0x080008f8   0x00000010   Code   RO         3272    i.LED1_ON           led.o
    0x08000908   0x08000908   0x0000005c   Code   RO         3274    i.LED_Init          led.o
    0x08000964   0x08000964   0x0000000c   Code   RO         3520    i.MFRC522_AntennaOff  mfrc522.o
    0x08000970   0x08000970   0x0000001a   Code   RO         3521    i.MFRC522_AntennaOn  mfrc522.o
    0x0800098a   0x0800098a   0x00000072   Code   RO         3522    i.MFRC522_Anticoll  mfrc522.o
    0x080009fc   0x080009fc   0x0000009c   Code   RO         3525    i.MFRC522_Init      mfrc522.o
    0x08000a98   0x08000a98   0x00000056   Code   RO         3527    i.MFRC522_Request   mfrc522.o
    0x08000aee   0x08000aee   0x00000002   PAD
    0x08000af0   0x08000af0   0x00000088   Code   RO         3528    i.MFRC522_Reset     mfrc522.o
    0x08000b78   0x08000b78   0x0000013a   Code   RO         3530    i.MFRC522_ToCard    mfrc522.o
    0x08000cb2   0x08000cb2   0x00000004   Code   RO         3939    i.MemManage_Handler  stm32f10x_it.o
    0x08000cb6   0x08000cb6   0x00000002   Code   RO         3940    i.NMI_Handler       stm32f10x_it.o
    0x08000cb8   0x08000cb8   0x00000070   Code   RO          137    i.NVIC_Init         misc.o
    0x08000d28   0x08000d28   0x00000014   Code   RO          138    i.NVIC_PriorityGroupConfig  misc.o
    0x08000d3c   0x08000d3c   0x0000002a   Code   RO         3301    i.OLED_Clear        oled.o
    0x08000d66   0x08000d66   0x00000002   PAD
    0x08000d68   0x08000d68   0x00000050   Code   RO         3302    i.OLED_I2C_Init     oled.o
    0x08000db8   0x08000db8   0x00000054   Code   RO         3303    i.OLED_I2C_SendByte  oled.o
    0x08000e0c   0x08000e0c   0x00000034   Code   RO         3304    i.OLED_I2C_Start    oled.o
    0x08000e40   0x08000e40   0x00000028   Code   RO         3305    i.OLED_I2C_Stop     oled.o
    0x08000e68   0x08000e68   0x000000ae   Code   RO         3306    i.OLED_Init         oled.o
    0x08000f16   0x08000f16   0x00000014   Code   RO         3307    i.OLED_Pow          oled.o
    0x08000f2a   0x08000f2a   0x00000022   Code   RO         3308    i.OLED_SetCursor    oled.o
    0x08000f4c   0x08000f4c   0x00000074   Code   RO         3310    i.OLED_ShowChar     oled.o
    0x08000fc0   0x08000fc0   0x00000044   Code   RO         3312    i.OLED_ShowNum      oled.o
    0x08001004   0x08001004   0x00000028   Code   RO         3314    i.OLED_ShowString   oled.o
    0x0800102c   0x0800102c   0x00000020   Code   RO         3315    i.OLED_WriteCommand  oled.o
    0x0800104c   0x0800104c   0x00000020   Code   RO         3316    i.OLED_WriteData    oled.o
    0x0800106c   0x0800106c   0x00000002   Code   RO         3941    i.PendSV_Handler    stm32f10x_it.o
    0x0800106e   0x0800106e   0x00000002   PAD
    0x08001070   0x08001070   0x00000020   Code   RO         1775    i.RCC_APB1PeriphClockCmd  stm32f10x_rcc.o
    0x08001090   0x08001090   0x00000020   Code   RO         1777    i.RCC_APB2PeriphClockCmd  stm32f10x_rcc.o
    0x080010b0   0x080010b0   0x000000d4   Code   RO         1785    i.RCC_GetClocksFreq  stm32f10x_rcc.o
    0x08001184   0x08001184   0x00000060   Code   RO         3412    i.Read_Byte         dht11.o
    0x080011e4   0x080011e4   0x000000a0   Code   RO         3413    i.Read_DHT11        dht11.o
    0x08001284   0x08001284   0x000000dc   Code   RO         3532    i.Read_MFRC522      mfrc522.o
    0x08001360   0x08001360   0x00000002   Code   RO         3942    i.SVC_Handler       stm32f10x_it.o
    0x08001362   0x08001362   0x00000002   PAD
    0x08001364   0x08001364   0x000000b4   Code   RO         3636    i.Serial1_Init      yuyin.o
    0x08001418   0x08001418   0x00000020   Code   RO         3639    i.Serial1_SendByte  yuyin.o
    0x08001438   0x08001438   0x0000001c   Code   RO         3533    i.SetBitMask        mfrc522.o
    0x08001454   0x08001454   0x00000008   Code   RO           24    i.SetSysClock       system_stm32f10x.o
    0x0800145c   0x0800145c   0x000000e0   Code   RO           25    i.SetSysClockTo72   system_stm32f10x.o
    0x0800153c   0x0800153c   0x00000028   Code   RO          141    i.SysTick_CLKSourceConfig  misc.o
    0x08001564   0x08001564   0x00000002   Code   RO         3943    i.SysTick_Handler   stm32f10x_it.o
    0x08001566   0x08001566   0x00000002   PAD
    0x08001568   0x08001568   0x00000060   Code   RO           27    i.SystemInit        system_stm32f10x.o
    0x080015c8   0x080015c8   0x0000002c   Code   RO         3448    i.TCRT5000_Init     tcrt5000.o
    0x080015f4   0x080015f4   0x00000064   Code   RO         3802    i.TIM1_Int_Init     timer.o
    0x08001658   0x08001658   0x00000034   Code   RO         3803    i.TIM1_UP_IRQHandler  timer.o
    0x0800168c   0x0800168c   0x00000038   Code   RO         3805    i.TIM4_IRQHandler   timer.o
    0x080016c4   0x080016c4   0x00000060   Code   RO         3806    i.TIM4_Int_Init     timer.o
    0x08001724   0x08001724   0x00000006   Code   RO         2415    i.TIM_ClearFlag     stm32f10x_tim.o
    0x0800172a   0x0800172a   0x00000006   Code   RO         2416    i.TIM_ClearITPendingBit  stm32f10x_tim.o
    0x08001730   0x08001730   0x00000018   Code   RO         2421    i.TIM_Cmd           stm32f10x_tim.o
    0x08001748   0x08001748   0x00000022   Code   RO         2442    i.TIM_GetITStatus   stm32f10x_tim.o
    0x0800176a   0x0800176a   0x00000012   Code   RO         2446    i.TIM_ITConfig      stm32f10x_tim.o
    0x0800177c   0x0800177c   0x000000a4   Code   RO         2492    i.TIM_TimeBaseInit  stm32f10x_tim.o
    0x08001820   0x08001820   0x00000028   Code   RO         3852    i.USART3_IRQHandler  usart3.o
    0x08001848   0x08001848   0x00000018   Code   RO         2960    i.USART_Cmd         stm32f10x_usart.o
    0x08001860   0x08001860   0x0000001a   Code   RO         2963    i.USART_GetFlagStatus  stm32f10x_usart.o
    0x0800187a   0x0800187a   0x00000054   Code   RO         2964    i.USART_GetITStatus  stm32f10x_usart.o
    0x080018ce   0x080018ce   0x0000004a   Code   RO         2966    i.USART_ITConfig    stm32f10x_usart.o
    0x08001918   0x08001918   0x000000d8   Code   RO         2967    i.USART_Init        stm32f10x_usart.o
    0x080019f0   0x080019f0   0x0000000a   Code   RO         2974    i.USART_ReceiveData  stm32f10x_usart.o
    0x080019fa   0x080019fa   0x00000008   Code   RO         2977    i.USART_SendData    stm32f10x_usart.o
    0x08001a02   0x08001a02   0x00000004   Code   RO         3944    i.UsageFault_Handler  stm32f10x_it.o
    0x08001a06   0x08001a06   0x00000002   PAD
    0x08001a08   0x08001a08   0x000000e0   Code   RO         3534    i.Write_MFRC522     mfrc522.o
    0x08001ae8   0x08001ae8   0x0000000e   Code   RO         4529    i.__scatterload_copy  mc_w.l(handlers.o)
    0x08001af6   0x08001af6   0x00000002   Code   RO         4530    i.__scatterload_null  mc_w.l(handlers.o)
    0x08001af8   0x08001af8   0x0000000e   Code   RO         4531    i.__scatterload_zeroinit  mc_w.l(handlers.o)
    0x08001b06   0x08001b06   0x0000000a   Code   RO         3689    i.button_attach     key.o
    0x08001b10   0x08001b10   0x0000023c   Code   RO         3690    i.button_handler    key.o
    0x08001d4c   0x08001d4c   0x00000032   Code   RO         3691    i.button_init       key.o
    0x08001d7e   0x08001d7e   0x00000002   PAD
    0x08001d80   0x08001d80   0x0000002c   Code   RO         3692    i.button_start      key.o
    0x08001dac   0x08001dac   0x0000001c   Code   RO         3694    i.button_ticks      key.o
    0x08001dc8   0x08001dc8   0x00000028   Code   RO         4073    i.calculateDynamicBitPartLen  gizwits_protocol.o
    0x08001df0   0x08001df0   0x00000024   Code   RO         3873    i.clear             main.o
    0x08001e14   0x08001e14   0x0000003c   Code   RO         3198    i.delay_init        delay.o
    0x08001e50   0x08001e50   0x0000002e   Code   RO         3199    i.delay_us          delay.o
    0x08001e7e   0x08001e7e   0x0000001a   Code   RO         4243    i.exchangeBytes     common.o
    0x08001e98   0x08001e98   0x0000001a   Code   RO         4244    i.exchangeWord      common.o
    0x08001eb2   0x08001eb2   0x00000002   PAD
    0x08001eb4   0x08001eb4   0x00000050   Code   RO         4448    i.free              mc_w.l(malloc.o)
    0x08001f04   0x08001f04   0x0000002a   Code   RO         4315    i.gizAcrossByteJudge  datapointtools.o
    0x08001f2e   0x08001f2e   0x00000032   Code   RO         4316    i.gizByteOrderExchange  datapointtools.o
    0x08001f60   0x08001f60   0x000000c4   Code   RO         4074    i.gizCheckReport    gizwits_protocol.o
    0x08002024   0x08002024   0x0000006a   Code   RO         4075    i.gizDataPoint2Event  gizwits_protocol.o
    0x0800208e   0x0800208e   0x00000002   PAD
    0x08002090   0x08002090   0x00000108   Code   RO         4076    i.gizDataPoints2ReportData  gizwits_protocol.o
    0x08002198   0x08002198   0x000000ac   Code   RO         4077    i.gizDevReportPolicy  gizwits_protocol.o
    0x08002244   0x08002244   0x0000000c   Code   RO         4001    i.gizGetTimerCount  gizwits_product.o
    0x08002250   0x08002250   0x00000050   Code   RO         4078    i.gizProtocolAckHandle  gizwits_protocol.o
    0x080022a0   0x080022a0   0x0000004a   Code   RO         4079    i.gizProtocolCommonAck  gizwits_protocol.o
    0x080022ea   0x080022ea   0x0000004e   Code   RO         4080    i.gizProtocolErrorCmd  gizwits_protocol.o
    0x08002338   0x08002338   0x00000124   Code   RO         4081    i.gizProtocolGetDeviceInfo  gizwits_protocol.o
    0x0800245c   0x0800245c   0x00000184   Code   RO         4082    i.gizProtocolGetOnePacket  gizwits_protocol.o
    0x080025e0   0x080025e0   0x0000001a   Code   RO         4083    i.gizProtocolHeadInit  gizwits_protocol.o
    0x080025fa   0x080025fa   0x000000ca   Code   RO         4084    i.gizProtocolIssuedDataAck  gizwits_protocol.o
    0x080026c4   0x080026c4   0x000000e8   Code   RO         4085    i.gizProtocolIssuedProcess  gizwits_protocol.o
    0x080027ac   0x080027ac   0x00000044   Code   RO         4086    i.gizProtocolModuleInfoHandle  gizwits_protocol.o
    0x080027f0   0x080027f0   0x000002dc   Code   RO         4087    i.gizProtocolModuleStatus  gizwits_protocol.o
    0x08002acc   0x08002acc   0x00000070   Code   RO         4088    i.gizProtocolNTP    gizwits_protocol.o
    0x08002b3c   0x08002b3c   0x0000001c   Code   RO         4089    i.gizProtocolReboot  gizwits_protocol.o
    0x08002b58   0x08002b58   0x0000003c   Code   RO         4090    i.gizProtocolResendData  gizwits_protocol.o
    0x08002b94   0x08002b94   0x00000026   Code   RO         4246    i.gizProtocolSum    common.o
    0x08002bba   0x08002bba   0x00000002   PAD
    0x08002bbc   0x08002bbc   0x00000044   Code   RO         4091    i.gizProtocolWaitAck  gizwits_protocol.o
    0x08002c00   0x08002c00   0x0000002c   Code   RO         4092    i.gizProtocolWaitAckCheck  gizwits_protocol.o
    0x08002c2c   0x08002c2c   0x0000002c   Code   RO         4093    i.gizPutData        gizwits_protocol.o
    0x08002c58   0x08002c58   0x000000a0   Code   RO         4094    i.gizReportData     gizwits_protocol.o
    0x08002cf8   0x08002cf8   0x00000010   Code   RO         4002    i.gizTimerMs        gizwits_product.o
    0x08002d08   0x08002d08   0x0000007c   Code   RO         4319    i.gizVarlenCompressValue  datapointtools.o
    0x08002d84   0x08002d84   0x000000c4   Code   RO         4320    i.gizVarlenDecompressionValue  datapointtools.o
    0x08002e48   0x08002e48   0x00000084   Code   RO         4003    i.gizwitsEventProcess  gizwits_product.o
    0x08002ecc   0x08002ecc   0x000001ec   Code   RO         4097    i.gizwitsHandle     gizwits_protocol.o
    0x080030b8   0x080030b8   0x00000030   Code   RO         4098    i.gizwitsInit       gizwits_protocol.o
    0x080030e8   0x080030e8   0x00000210   Code   RO         4100    i.gizwitsSetMode    gizwits_protocol.o
    0x080032f8   0x080032f8   0x00000274   Code   RO         3874    i.main              main.o
    0x0800356c   0x0800356c   0x00000030   Code   RO         4004    i.mcuRestart        gizwits_product.o
    0x0800359c   0x0800359c   0x00000038   Code   RO         4384    i.rbCanRead         ringbuffer.o
    0x080035d4   0x080035d4   0x0000001e   Code   RO         4385    i.rbCanWrite        ringbuffer.o
    0x080035f2   0x080035f2   0x0000000e   Code   RO         4386    i.rbCapacity        ringbuffer.o
    0x08003600   0x08003600   0x00000016   Code   RO         4387    i.rbCreate          ringbuffer.o
    0x08003616   0x08003616   0x000000a2   Code   RO         4389    i.rbRead            ringbuffer.o
    0x080036b8   0x080036b8   0x0000009a   Code   RO         4390    i.rbWrite           ringbuffer.o
    0x08003752   0x08003752   0x00000002   PAD
    0x08003754   0x08003754   0x00000010   Code   RO         3696    i.read_button1_GPIO  key.o
    0x08003764   0x08003764   0x00000058   Code   RO         4005    i.uartWrite         gizwits_product.o
    0x080037bc   0x080037bc   0x000000a8   Code   RO         3853    i.usart3_init       usart3.o
    0x08003864   0x08003864   0x0000005c   Code   RO         4006    i.userHandle        gizwits_product.o
    0x080038c0   0x080038c0   0x000000d8   Code   RO         3449    i.xunji             tcrt5000.o
    0x08003998   0x08003998   0x000005f0   Data   RO         3317    .constdata          oled.o
    0x08003f88   0x08003f88   0x00000020   Data   RO         4527    Region$$Table       anon$$obj.o


    Execution Region RW_IRAM1 (Exec base: 0x20000000, Load base: 0x08003fa8, Size: 0x00000698, Max: 0x00005000, ABSOLUTE)

    Exec Addr    Load Addr    Size         Type   Attr      Idx    E Section Name        Object

    0x20000000   0x08003fa8   0x00000014   Data   RW         1805    .data               stm32f10x_rcc.o
    0x20000014   0x08003fbc   0x00000004   Data   RW         3200    .data               delay.o
    0x20000018   0x08003fc0   0x00000004   Data   RW         3450    .data               tcrt5000.o
    0x2000001c   0x08003fc4   0x0000000d   Data   RW         3483    .data               hx711.o
    0x20000029   0x08003fd1   0x00000003   PAD
    0x2000002c   0x08003fd4   0x00000004   Data   RW         3698    .data               key.o
    0x20000030   0x08003fd8   0x00000009   Data   RW         3807    .data               timer.o
    0x20000039   0x08003fe1   0x00000003   PAD
    0x2000003c   0x08003fe4   0x00000024   Data   RW         3876    .data               main.o
    0x20000060   0x08004008   0x00000009   Data   RW         4008    .data               gizwits_product.o
    0x20000069   0x08004011   0x00000003   PAD
    0x2000006c   0x08004014   0x00000010   Data   RW         4102    .data               gizwits_protocol.o
    0x2000007c   0x08004024   0x00000004   Data   RW         4516    .data               mc_w.l(mvars.o)
    0x20000080        -       0x00000028   Zero   RW         3697    .bss                key.o
    0x200000a8        -       0x00000014   Zero   RW         3875    .bss                main.o
    0x200000bc        -       0x000001dc   Zero   RW         4101    .bss                gizwits_protocol.o
    0x20000298        -       0x00000400   Zero   RW            1    STACK               startup_stm32f10x_md.o


==============================================================================

Image component sizes


      Code (inc. data)   RO Data    RW Data    ZI Data      Debug   Object Name

        90          0          0          0          0       3108   common.o
         0          0          0          0          0       4500   core_cm3.o
       412          0          0          0          0       3495   datapointtools.o
       130          8          0          4          0       1443   delay.o
       372         28          0          0          0       3157   dht11.o
       388         72          0          9          0      25360   gizwits_product.o
      4534        284          0         16        476      18231   gizwits_protocol.o
       304         34          0         13          0       2126   hx711.o
       794         32          0          4         40       5740   key.o
       124         18          0          0          0       1188   led.o
       664        128          0         36         20       2574   main.o
      1344         32          0          0          0       6805   mfrc522.o
       172         22          0          0          0     204981   misc.o
       814         22       1520          0          0       6921   oled.o
       438          0          0          0          0       4072   ringbuffer.o
        36          8        236          0       1024        776   startup_stm32f10x_md.o
         0          0          0          0          0       1616   stm32f10x_adc.o
       314          0          0          0          0      12040   stm32f10x_gpio.o
        26          0          0          0          0       3362   stm32f10x_it.o
       276         32          0         20          0      12710   stm32f10x_rcc.o
       252         42          0          0          0      23810   stm32f10x_tim.o
       442          6          0          0          0      11501   stm32f10x_usart.o
       328         28          0          0          0      44881   system_stm32f10x.o
       260         16          0          4          0       2348   tcrt5000.o
       304         28          0          9          0       2211   timer.o
       208         16          0          0          0       1074   usart3.o
       212         14          0          0          0       1054   yuyin.o

    ----------------------------------------------------------------------
     13260        870       1788        124       1560     411084   Object Totals
         0          0         32          0          0          0   (incl. Generated)
        22          0          0          9          0          0   (incl. Padding)

    ----------------------------------------------------------------------

      Code (inc. data)   RO Data    RW Data    ZI Data      Debug   Library Member Name

         0          0          0          0          0          0   entry.o
         0          0          0          0          0          0   entry10a.o
         0          0          0          0          0          0   entry11a.o
         8          4          0          0          0          0   entry2.o
         4          0          0          0          0          0   entry5.o
         0          0          0          0          0          0   entry7b.o
         0          0          0          0          0          0   entry8b.o
         8          4          0          0          0          0   entry9a.o
        30          0          0          0          0          0   handlers.o
        36          8          0          0          0         68   init.o
         0          0          0          0          0          0   iusefp.o
        30          0          0          0          0         68   llshl.o
        32          0          0          0          0         68   llushr.o
        80          4          0          0          0         76   malloc.o
        36          0          0          0          0         68   memcpya.o
        36          0          0          0          0        108   memseta.o
         0          0          0          4          0          0   mvars.o
       222          0          0          0          0        100   ddiv.o
       186          0          0          0          0        176   depilogue.o
        62          0          0          0          0         80   dfixi.o
        50          0          0          0          0         76   dfixui.o
        34          0          0          0          0         76   dflti.o
       228          0          0          0          0         96   dmul.o
        38          0          0          0          0         68   f2d.o
       110          0          0          0          0        168   fepilogue.o
        18          0          0          0          0         68   fflti.o

    ----------------------------------------------------------------------
      1248         20          0          4          0       1364   Library Totals
         0          0          0          0          0          0   (incl. Padding)

    ----------------------------------------------------------------------

      Code (inc. data)   RO Data    RW Data    ZI Data      Debug   Library Name

       300         20          0          4          0        456   mc_w.l
       948          0          0          0          0        908   mf_w.l

    ----------------------------------------------------------------------
      1248         20          0          4          0       1364   Library Totals

    ----------------------------------------------------------------------

==============================================================================


      Code (inc. data)   RO Data    RW Data    ZI Data      Debug   

     14508        890       1788        128       1560     404904   Grand Totals
     14508        890       1788        128       1560     404904   ELF Image Totals
     14508        890       1788        128          0          0   ROM Totals

==============================================================================

    Total RO  Size (Code + RO Data)                16296 (  15.91kB)
    Total RW  Size (RW Data + ZI Data)              1688 (   1.65kB)
    Total ROM Size (Code + RO Data + RW Data)      16424 (  16.04kB)

==============================================================================

